../Core/Src/main.c:84:6:printMenu	128	static
../Core/Src/main.c:126:6:delay_us	24	static
../Core/Src/main.c:148:6:playDAC_note	32	static
../Core/Src/main.c:189:9:playDAC	32	static
../Core/Src/main.c:212:5:main	168	static
../Core/Src/main.c:315:6:SystemClock_Config	88	static
../Core/Src/main.c:363:13:MX_DAC_Init	16	static
../Core/Src/main.c:398:13:MX_TIM1_Init	96	static
../Core/Src/main.c:468:13:MX_USART2_UART_Init	8	static
../Core/Src/main.c:497:13:MX_GPIO_Init	48	static
../Core/Src/main.c:536:6:Error_Handler	4	static,ignoring_inline_asm
