Archive member included to satisfy reference by file (symbol)

C:/ST/STM32CubeIDE_2.1.0/STM32CubeIDE/plugins/com.st.stm32cube.ide.mcu.externaltools.gnu-tools-for-stm32.14.3.rel1.win32_1.0.100.202602081740/tools/bin/../lib/gcc/arm-none-eabi/14.3.1/../../../../arm-none-eabi/lib/thumb/v7e-m+fp/hard\libc_nano.a(libc_a-exit.o)
                              C:/ST/STM32CubeIDE_2.1.0/STM32CubeIDE/plugins/com.st.stm32cube.ide.mcu.externaltools.gnu-tools-for-stm32.14.3.rel1.win32_1.0.100.202602081740/tools/bin/../lib/gcc/arm-none-eabi/14.3.1/../../../../arm-none-eabi/lib/thumb/v7e-m+fp/hard/crt0.o (exit)
C:/ST/STM32CubeIDE_2.1.0/STM32CubeIDE/plugins/com.st.stm32cube.ide.mcu.externaltools.gnu-tools-for-stm32.14.3.rel1.win32_1.0.100.202602081740/tools/bin/../lib/gcc/arm-none-eabi/14.3.1/../../../../arm-none-eabi/lib/thumb/v7e-m+fp/hard\libc_nano.a(libc_a-findfp.o)
                              C:/ST/STM32CubeIDE_2.1.0/STM32CubeIDE/plugins/com.st.stm32cube.ide.mcu.externaltools.gnu-tools-for-stm32.14.3.rel1.win32_1.0.100.202602081740/tools/bin/../lib/gcc/arm-none-eabi/14.3.1/../../../../arm-none-eabi/lib/thumb/v7e-m+fp/hard\libc_nano.a(libc_a-exit.o) (__stdio_exit_handler)
C:/ST/STM32CubeIDE_2.1.0/STM32CubeIDE/plugins/com.st.stm32cube.ide.mcu.externaltools.gnu-tools-for-stm32.14.3.rel1.win32_1.0.100.202602081740/tools/bin/../lib/gcc/arm-none-eabi/14.3.1/../../../../arm-none-eabi/lib/thumb/v7e-m+fp/hard\libc_nano.a(libc_a-fwalk.o)
                              C:/ST/STM32CubeIDE_2.1.0/STM32CubeIDE/plugins/com.st.stm32cube.ide.mcu.externaltools.gnu-tools-for-stm32.14.3.rel1.win32_1.0.100.202602081740/tools/bin/../lib/gcc/arm-none-eabi/14.3.1/../../../../arm-none-eabi/lib/thumb/v7e-m+fp/hard\libc_nano.a(libc_a-findfp.o) (_fwalk_sglue)
C:/ST/STM32CubeIDE_2.1.0/STM32CubeIDE/plugins/com.st.stm32cube.ide.mcu.externaltools.gnu-tools-for-stm32.14.3.rel1.win32_1.0.100.202602081740/tools/bin/../lib/gcc/arm-none-eabi/14.3.1/../../../../arm-none-eabi/lib/thumb/v7e-m+fp/hard\libc_nano.a(libc_a-sprintf.o)
                              ./Core/Src/main.o (sprintf)
C:/ST/STM32CubeIDE_2.1.0/STM32CubeIDE/plugins/com.st.stm32cube.ide.mcu.externaltools.gnu-tools-for-stm32.14.3.rel1.win32_1.0.100.202602081740/tools/bin/../lib/gcc/arm-none-eabi/14.3.1/../../../../arm-none-eabi/lib/thumb/v7e-m+fp/hard\libc_nano.a(libc_a-stdio.o)
                              C:/ST/STM32CubeIDE_2.1.0/STM32CubeIDE/plugins/com.st.stm32cube.ide.mcu.externaltools.gnu-tools-for-stm32.14.3.rel1.win32_1.0.100.202602081740/tools/bin/../lib/gcc/arm-none-eabi/14.3.1/../../../../arm-none-eabi/lib/thumb/v7e-m+fp/hard\libc_nano.a(libc_a-findfp.o) (__sread)
C:/ST/STM32CubeIDE_2.1.0/STM32CubeIDE/plugins/com.st.stm32cube.ide.mcu.externaltools.gnu-tools-for-stm32.14.3.rel1.win32_1.0.100.202602081740/tools/bin/../lib/gcc/arm-none-eabi/14.3.1/../../../../arm-none-eabi/lib/thumb/v7e-m+fp/hard\libc_nano.a(libc_a-memset.o)
                              C:/ST/STM32CubeIDE_2.1.0/STM32CubeIDE/plugins/com.st.stm32cube.ide.mcu.externaltools.gnu-tools-for-stm32.14.3.rel1.win32_1.0.100.202602081740/tools/bin/../lib/gcc/arm-none-eabi/14.3.1/../../../../arm-none-eabi/lib/thumb/v7e-m+fp/hard/crt0.o (memset)
C:/ST/STM32CubeIDE_2.1.0/STM32CubeIDE/plugins/com.st.stm32cube.ide.mcu.externaltools.gnu-tools-for-stm32.14.3.rel1.win32_1.0.100.202602081740/tools/bin/../lib/gcc/arm-none-eabi/14.3.1/../../../../arm-none-eabi/lib/thumb/v7e-m+fp/hard\libc_nano.a(libc_a-closer.o)
                              C:/ST/STM32CubeIDE_2.1.0/STM32CubeIDE/plugins/com.st.stm32cube.ide.mcu.externaltools.gnu-tools-for-stm32.14.3.rel1.win32_1.0.100.202602081740/tools/bin/../lib/gcc/arm-none-eabi/14.3.1/../../../../arm-none-eabi/lib/thumb/v7e-m+fp/hard\libc_nano.a(libc_a-stdio.o) (_close_r)
C:/ST/STM32CubeIDE_2.1.0/STM32CubeIDE/plugins/com.st.stm32cube.ide.mcu.externaltools.gnu-tools-for-stm32.14.3.rel1.win32_1.0.100.202602081740/tools/bin/../lib/gcc/arm-none-eabi/14.3.1/../../../../arm-none-eabi/lib/thumb/v7e-m+fp/hard\libc_nano.a(libc_a-reent.o)
                              C:/ST/STM32CubeIDE_2.1.0/STM32CubeIDE/plugins/com.st.stm32cube.ide.mcu.externaltools.gnu-tools-for-stm32.14.3.rel1.win32_1.0.100.202602081740/tools/bin/../lib/gcc/arm-none-eabi/14.3.1/../../../../arm-none-eabi/lib/thumb/v7e-m+fp/hard\libc_nano.a(libc_a-closer.o) (errno)
C:/ST/STM32CubeIDE_2.1.0/STM32CubeIDE/plugins/com.st.stm32cube.ide.mcu.externaltools.gnu-tools-for-stm32.14.3.rel1.win32_1.0.100.202602081740/tools/bin/../lib/gcc/arm-none-eabi/14.3.1/../../../../arm-none-eabi/lib/thumb/v7e-m+fp/hard\libc_nano.a(libc_a-impure.o)
                              C:/ST/STM32CubeIDE_2.1.0/STM32CubeIDE/plugins/com.st.stm32cube.ide.mcu.externaltools.gnu-tools-for-stm32.14.3.rel1.win32_1.0.100.202602081740/tools/bin/../lib/gcc/arm-none-eabi/14.3.1/../../../../arm-none-eabi/lib/thumb/v7e-m+fp/hard\libc_nano.a(libc_a-sprintf.o) (_impure_ptr)
[...]
Memory Configuration

Name             Origin             Length             Attributes
RAM              0x20000000         0x00020000         xrw
FLASH            0x08000000         0x00080000         xr
*default*        0x00000000         0xffffffff

Linker script and memory map

LOAD C:/ST/STM32CubeIDE_2.1.0/STM32CubeIDE/plugins/com.st.stm32cube.ide.mcu.externaltools.gnu-tools-for-stm32.14.3.rel1.win32_1.0.100.202602081740/tools/bin/../lib/gcc/arm-none-eabi/14.3.1/thumb/v7e-m+fp/hard/crti.o
LOAD C:/ST/STM32CubeIDE_2.1.0/STM32CubeIDE/plugins/com.st.stm32cube.ide.mcu.externaltools.gnu-tools-for-stm32.14.3.rel1.win32_1.0.100.202602081740/tools/bin/../lib/gcc/arm-none-eabi/14.3.1/thumb/v7e-m+fp/hard/crtbegin.o
LOAD C:/ST/STM32CubeIDE_2.1.0/STM32CubeIDE/plugins/com.st.stm32cube.ide.mcu.externaltools.gnu-tools-for-stm32.14.3.rel1.win32_1.0.100.202602081740/tools/bin/../lib/gcc/arm-none-eabi/14.3.1/../../../../arm-none-eabi/lib/thumb/v7e-m+fp/hard/crt0.o
LOAD ./Core/Src/fatfs_sd.o
LOAD ./Core/Src/font.o
LOAD ./Core/Src/graficos.o
LOAD ./Core/Src/ili9341.o
LOAD ./Core/Src/main.o
LOAD ./Core/Src/stm32f4xx_hal_msp.o
LOAD ./Core/Src/stm32f4xx_it.o
LOAD ./Core/Src/syscalls.o
LOAD ./Core/Src/sysmem.o
LOAD ./Core/Src/system_stm32f4xx.o
LOAD ./Core/Startup/startup_stm32f446retx.o
LOAD ./Drivers/STM32F4xx_HAL_Driver/Src/stm32f4xx_hal.o
LOAD ./Drivers/STM32F4xx_HAL_Driver/Src/stm32f4xx_hal_cortex.o
LOAD ./Drivers/STM32F4xx_HAL_Driver/Src/stm32f4xx_hal_dma.o
LOAD ./Drivers/STM32F4xx_HAL_Driver/Src/stm32f4xx_hal_dma_ex.o
LOAD ./Drivers/STM32F4xx_HAL_Driver/Src/stm32f4xx_hal_exti.o
LOAD ./Drivers/STM32F4xx_HAL_Driver/Src/stm32f4xx_hal_flash.o
LOAD ./Drivers/STM32F4xx_HAL_Driver/Src/stm32f4xx_hal_flash_ex.o
LOAD ./Drivers/STM32F4xx_HAL_Driver/Src/stm32f4xx_hal_flash_ramfunc.o
LOAD ./Drivers/STM32F4xx_HAL_Driver/Src/stm32f4xx_hal_gpio.o
LOAD ./Drivers/STM32F4xx_HAL_Driver/Src/stm32f4xx_hal_pwr.o
LOAD ./Drivers/STM32F4xx_HAL_Driver/Src/stm32f4xx_hal_pwr_ex.o
LOAD ./Drivers/STM32F4xx_HAL_Driver/Src/stm32f4xx_hal_rcc.o
LOAD ./Drivers/STM32F4xx_HAL_Driver/Src/stm32f4xx_hal_rcc_ex.o
LOAD ./Drivers/STM32F4xx_HAL_Driver/Src/stm32f4xx_hal_spi.o
LOAD ./Drivers/STM32F4xx_HAL_Driver/Src/stm32f4xx_hal_tim.o
LOAD ./Drivers/STM32F4xx_HAL_Driver/Src/stm32f4xx_hal_tim_ex.o
LOAD ./Drivers/STM32F4xx_HAL_Driver/Src/stm32f4xx_hal_uart.o
LOAD ./FATFS/App/fatfs.o
LOAD ./FATFS/Target/user_diskio.o
LOAD ./Middlewares/Third_Party/FatFs/src/diskio.o
LOAD ./Middlewares/Third_Party/FatFs/src/ff.o
LOAD ./Middlewares/Third_Party/FatFs/src/ff_gen_drv.o
LOAD ./Middlewares/Third_Party/FatFs/src/option/syscall.o
START GROUP
LOAD C:/ST/STM32CubeIDE_2.1.0/STM32CubeIDE/plugins/com.st.stm32cube.ide.mcu.externaltools.gnu-tools-for-stm32.14.3.rel1.win32_1.0.100.202602081740/tools/bin/../lib/gcc/arm-none-eabi/14.3.1/../../../../arm-none-eabi/lib/thumb/v7e-m+fp/hard\libc_nano.a
LOAD C:/ST/STM32CubeIDE_2.1.0/STM32CubeIDE/plugins/com.st.stm32cube.ide.mcu.externaltools.gnu-tools-for-stm32.14.3.rel1.win32_1.0.100.202602081740/tools/bin/../lib/gcc/arm-none-eabi/14.3.1/../../../../arm-none-eabi/lib/thumb/v7e-m+fp/hard\libm.a
END GROUP
START GROUP
LOAD C:/ST/STM32CubeIDE_2.1.0/STM32CubeIDE/plugins/com.st.stm32cube.ide.mcu.externaltools.gnu-tools-for-stm32.14.3.rel1.win32_1.0.100.202602081740/tools/bin/../lib/gcc/arm-none-eabi/14.3.1/thumb/v7e-m+fp/hard\libgcc.a
LOAD C:/ST/STM32CubeIDE_2.1.0/STM32CubeIDE/plugins/com.st.stm32cube.ide.mcu.externaltools.gnu-tools-for-stm32.14.3.rel1.win32_1.0.100.202602081740/tools/bin/../lib/gcc/arm-none-eabi/14.3.1/../../../../arm-none-eabi/lib/thumb/v7e-m+fp/hard\libc_nano.a
END GROUP
START GROUP
LOAD C:/ST/STM32CubeIDE_2.1.0/STM32CubeIDE/plugins/com.st.stm32cube.ide.mcu.externaltools.gnu-tools-for-stm32.14.3.rel1.win32_1.0.100.202602081740/tools/bin/../lib/gcc/arm-none-eabi/14.3.1/thumb/v7e-m+fp/hard\libgcc.a
LOAD C:/ST/STM32CubeIDE_2.1.0/STM32CubeIDE/plugins/com.st.stm32cube.ide.mcu.externaltools.gnu-tools-for-stm32.14.3.rel1.win32_1.0.100.202602081740/tools/bin/../lib/gcc/arm-none-eabi/14.3.1/../../../../arm-none-eabi/lib/thumb/v7e-m+fp/hard\libc_nano.a
LOAD C:/ST/STM32CubeIDE_2.1.0/STM32CubeIDE/plugins/com.st.stm32cube.ide.mcu.externaltools.gnu-tools-for-stm32.14.3.rel1.win32_1.0.100.202602081740/tools/bin/../lib/gcc/arm-none-eabi/14.3.1/../../../../arm-none-eabi/lib/thumb/v7e-m+fp/hard\libnosys.a
END GROUP
START GROUP
LOAD C:/ST/STM32CubeIDE_2.1.0/STM32CubeIDE/plugins/com.st.stm32cube.ide.mcu.externaltools.gnu-tools-for-stm32.14.3.rel1.win32_1.0.100.202602081740/tools/bin/../lib/gcc/arm-none-eabi/14.3.1/thumb/v7e-m+fp/hard\libgcc.a
LOAD C:/ST/STM32CubeIDE_2.1.0/STM32CubeIDE/plugins/com.st.stm32cube.ide.mcu.externaltools.gnu-tools-for-stm32.14.3.rel1.win32_1.0.100.202602081740/tools/bin/../lib/gcc/arm-none-eabi/14.3.1/../../../../arm-none-eabi/lib/thumb/v7e-m+fp/hard\libc_nano.a
LOAD C:/ST/STM32CubeIDE_2.1.0/STM32CubeIDE/plugins/com.st.stm32cube.ide.mcu.externaltools.gnu-tools-for-stm32.14.3.rel1.win32_1.0.100.202602081740/tools/bin/../lib/gcc/arm-none-eabi/14.3.1/../../../../arm-none-eabi/lib/thumb/v7e-m+fp/hard\libnosys.a
END GROUP
LOAD C:/ST/STM32CubeIDE_2.1.0/STM32CubeIDE/plugins/com.st.stm32cube.ide.mcu.externaltools.gnu-tools-for-stm32.14.3.rel1.win32_1.0.100.202602081740/tools/bin/../lib/gcc/arm-none-eabi/14.3.1/thumb/v7e-m+fp/hard/crtend.o
LOAD C:/ST/STM32CubeIDE_2.1.0/STM32CubeIDE/plugins/com.st.stm32cube.ide.mcu.externaltools.gnu-tools-for-stm32.14.3.rel1.win32_1.0.100.202602081740/tools/bin/../lib/gcc/arm-none-eabi/14.3.1/thumb/v7e-m+fp/hard/crtn.o
                0x20020000                        _estack = (ORIGIN (RAM) + LENGTH (RAM))
                0x00000200                        _Min_Heap_Size = 0x200
                0x00000400                        _Min_Stack_Size = 0x400

.isr_vector     0x08000000      0x1c4
                0x08000000                        . = ALIGN (0x4)
 *(.isr_vector)
 .isr_vector    0x08000000      0x1c4 ./Core/Startup/startup_stm32f446retx.o
                0x08000000                g_pfnVectors
                0x080001c4                        . = ALIGN (0x4)

.text           0x080001d0     0xa734
                0x080001d0                        . = ALIGN (0x4)
 *(.text)
 .text          0x080001d0       0x40 C:/ST/STM32CubeIDE_2.1.0/STM32CubeIDE/plugins/com.st.stm32cube.ide.mcu.externaltools.gnu-tools-for-stm32.14.3.rel1.win32_1.0.100.202602081740/tools/bin/../lib/gcc/arm-none-eabi/14.3.1/thumb/v7e-m+fp/hard/crtbegin.o
 .text          0x08000210       0x10 C:/ST/STM32CubeIDE_2.1.0/STM32CubeIDE/plugins/com.st.stm32cube.ide.mcu.externaltools.gnu-tools-for-stm32.14.3.rel1.win32_1.0.100.202602081740/tools/bin/../lib/gcc/arm-none-eabi/14.3.1/../../../../arm-none-eabi/lib/thumb/v7e-m+fp/hard\libc_nano.a(libc_a-strlen.o)
                0x08000210                strlen
 .text          0x08000220       0xa0 C:/ST/STM32CubeIDE_2.1.0/STM32CubeIDE/plugins/com.st.stm32cube.ide.mcu.externaltools.gnu-tools-for-stm32.14.3.rel1.win32_1.0.100.202602081740/tools/bin/../lib/gcc/arm-none-eabi/14.3.1/../../../../arm-none-eabi/lib/thumb/v7e-m+fp/hard\libc_nano.a(libc_a-memchr.o)
                0x08000220                memchr
 .text          0x080002c0      0x378 C:/ST/STM32CubeIDE_2.1.0/STM32CubeIDE/plugins/com.st.stm32cube.ide.mcu.externaltools.gnu-tools-for-stm32.14.3.rel1.win32_1.0.100.202602081740/tools/bin/../lib/gcc/arm-none-eabi/14.3.1/thumb/v7e-m+fp/hard\libgcc.a(_arm_addsubdf3.o)
                0x080002c0                __aeabi_drsub
                0x080002c8                __aeabi_dsub
                0x080002c8                __subdf3
                0x080002cc                __aeabi_dadd
                0x080002cc                __adddf3
                0x08000544                __floatunsidf
                0x08000544                __aeabi_ui2d
                0x08000564                __floatsidf
                0x08000564                __aeabi_i2d
                0x08000588                __aeabi_f2d
                0x08000588                __extendsfdf2
                0x080005cc                __floatundidf
                0x080005cc                __aeabi_ul2d
                0x080005dc                __floatdidf
                0x080005dc                __aeabi_l2d
 .text          0x08000638       0x40 C:/ST/STM32CubeIDE_2.1.0/STM32CubeIDE/plugins/com.st.stm32cube.ide.mcu.externaltools.gnu-tools-for-stm32.14.3.rel1.win32_1.0.100.202602081740/tools/bin/../lib/gcc/arm-none-eabi/14.3.1/thumb/v7e-m+fp/hard\libgcc.a(_arm_fixunsdfsi.o)
                0x08000638                __aeabi_d2uiz
                0x08000638                __fixunsdfsi
 .text          0x08000678       0x30 C:/ST/STM32CubeIDE_2.1.0/STM32CubeIDE/plugins/com.st.stm32cube.ide.mcu.externaltools.gnu-tools-for-stm32.14.3.rel1.win32_1.0.100.202602081740/tools/bin/../lib/gcc/arm-none-eabi/14.3.1/thumb/v7e-m+fp/hard\libgcc.a(_aeabi_uldivmod.o)
                0x08000678                __aeabi_uldivmod
 .text          0x080006a8      0x2f8 C:/ST/STM32CubeIDE_2.1.0/STM32CubeIDE/plugins/com.st.stm32cube.ide.mcu.externaltools.gnu-tools-for-stm32.14.3.rel1.win32_1.0.100.202602081740/tools/bin/../lib/gcc/arm-none-eabi/14.3.1/thumb/v7e-m+fp/hard\libgcc.a(_udivmoddi4.o)
                0x080006a8                __udivmoddi4
 .text          0x080009a0        0x4 C:/ST/STM32CubeIDE_2.1.0/STM32CubeIDE/plugins/com.st.stm32cube.ide.mcu.externaltools.gnu-tools-for-stm32.14.3.rel1.win32_1.0.100.202602081740/tools/bin/../lib/gcc/arm-none-eabi/14.3.1/thumb/v7e-m+fp/hard\libgcc.a(_dvmd_tls.o)
                0x080009a0                __aeabi_idiv0
                0x080009a0                __aeabi_ldiv0
 *(.text*)
 .text.SELECT   0x080009a4       0x28 ./Core/Src/fatfs_sd.o
 .text.DESELECT
                0x080009cc       0x20 ./Core/Src/fatfs_sd.o
 .text.SPI_TxByte
                0x080009ec       0x34 ./Core/Src/fatfs_sd.o
 .text.SPI_TxBuffer
                0x08000a20       0x34 ./Core/Src/fatfs_sd.o
 .text.SPI_RxByte
                0x08000a54       0x38 ./Core/Src/fatfs_sd.o
 .text.SPI_RxBytePtr
                0x08000a8c       0x1c ./Core/Src/fatfs_sd.o
 .text.SD_ReadyWait
                0x08000aa8       0x34 ./Core/Src/fatfs_sd.o
 .text.SD_PowerOn
                0x08000adc       0x84 ./Core/Src/fatfs_sd.o
 .text.SD_PowerOff
                0x08000b60       0x18 ./Core/Src/fatfs_sd.o
 .text.SD_CheckPower
                0x08000b78       0x18 ./Core/Src/fatfs_sd.o
 .text.SD_RxDataBlock
                0x08000b90       0x60 ./Core/Src/fatfs_sd.o
 .text.SD_TxDataBlock
                0x08000bf0       0xa0 ./Core/Src/fatfs_sd.o
 .text.SD_SendCmd
                0x08000c90       0xa8 ./Core/Src/fatfs_sd.o
 .text.SD_disk_initialize
                0x08000d38      0x1d8 ./Core/Src/fatfs_sd.o
                0x08000d38                SD_disk_initialize
 .text.SD_disk_status
                0x08000f10       0x2c ./Core/Src/fatfs_sd.o
                0x08000f10                SD_disk_status
 .text.SD_disk_read
                0x08000f3c       0xd4 ./Core/Src/fatfs_sd.o
                0x08000f3c                SD_disk_read
 .text.SD_disk_write
                0x08001010      0x108 ./Core/Src/fatfs_sd.o
                0x08001010                SD_disk_write
 .text.SD_disk_ioctl
                0x08001118      0x25c ./Core/Src/fatfs_sd.o
                0x08001118                SD_disk_ioctl
 .text.LCD_Init
                0x08001374      0x1f8 ./Core/Src/ili9341.o
                0x08001374                LCD_Init
 .text.LCD_CMD  0x0800156c       0x68 ./Core/Src/ili9341.o
                0x0800156c                LCD_CMD
 .text.LCD_DATA
                0x080015d4       0x40 ./Core/Src/ili9341.o
                0x080015d4                LCD_DATA
 .text.SetWindows
                0x08001614       0x80 ./Core/Src/ili9341.o
                0x08001614                SetWindows
 .text.LCD_Clear
                0x08001694       0x78 ./Core/Src/ili9341.o
                0x08001694                LCD_Clear
 .text.H_line   0x0800170c       0x74 ./Core/Src/ili9341.o
                0x0800170c                H_line
 .text.V_line   0x08001780       0x74 ./Core/Src/ili9341.o
                0x08001780                V_line
 .text.Rect     0x080017f4       0x4e ./Core/Src/ili9341.o
                0x080017f4                Rect
 *fill*         0x08001842        0x2 
 .text.FillRect
                0x08001844       0xa4 ./Core/Src/ili9341.o
                0x08001844                FillRect
 .text.LCD_Print
                0x080018e8      0x1d0 ./Core/Src/ili9341.o
                0x080018e8                LCD_Print
 .text.LCD_Bitmap
                0x08001ab8       0x90 ./Core/Src/ili9341.o
                0x08001ab8                LCD_Bitmap
 .text.LCD_Sprite
                0x08001b48      0x24c ./Core/Src/ili9341.o
                0x08001b48                LCD_Sprite
 .text.LCD_Sprite_unmodified
                0x08001d94      0x1f8 ./Core/Src/ili9341.o
                0x08001d94                LCD_Sprite_unmodified
 .text.LCD_Sprite_simple
                0x08001f8c      0x1b4 ./Core/Src/ili9341.o
                0x08001f8c                LCD_Sprite_simple
 .text.SPI_SetSpeed
                0x08002140       0x58 ./Core/Src/main.o
                0x08002140                SPI_SetSpeed
 .text.transmit_uart
                0x08002198       0x2c ./Core/Src/main.o
                0x08002198                transmit_uart
 .text.cargar_archivo
                0x080021c4       0xac ./Core/Src/main.o
                0x080021c4                cargar_archivo
 .text.dibujar_imagen_raw
                0x08002270      0x260 ./Core/Src/main.o
                0x08002270                dibujar_imagen_raw
 .text.main     0x080024d0     0x1a14 ./Core/Src/main.o
                0x080024d0                main
 .text.SystemClock_Config
                0x08003ee4       0xd8 ./Core/Src/main.o
                0x08003ee4                SystemClock_Config
 .text.MX_SPI1_Init
                0x08003fbc       0x6c ./Core/Src/main.o
 .text.MX_TIM6_Init
                0x08004028       0x6c ./Core/Src/main.o
 .text.MX_TIM7_Init
                0x08004094       0x6c ./Core/Src/main.o
 .text.MX_USART1_UART_Init
                0x08004100       0x54 ./Core/Src/main.o
 .text.MX_USART2_UART_Init
                0x08004154       0x54 ./Core/Src/main.o
 .text.MX_GPIO_Init
                0x080041a8      0x138 ./Core/Src/main.o
 .text.HAL_UART_RxCpltCallback
                0x080042e0       0xbc ./Core/Src/main.o
                0x080042e0                HAL_UART_RxCpltCallback
 .text.HAL_TIM_PeriodElapsedCallback
                0x0800439c       0x98 ./Core/Src/main.o
                0x0800439c                HAL_TIM_PeriodElapsedCallback
 .text.Error_Handler
                0x08004434        0xc ./Core/Src/main.o
                0x08004434                Error_Handler
 .text.HAL_MspInit
                0x08004440       0x50 ./Core/Src/stm32f4xx_hal_msp.o
                0x08004440                HAL_MspInit
 .text.HAL_SPI_MspInit
                0x08004490       0x90 ./Core/Src/stm32f4xx_hal_msp.o
                0x08004490                HAL_SPI_MspInit
 .text.HAL_TIM_Base_MspInit
                0x08004520       0x8c ./Core/Src/stm32f4xx_hal_msp.o
                0x08004520                HAL_TIM_Base_MspInit
 .text.HAL_UART_MspInit
                0x080045ac      0x108 ./Core/Src/stm32f4xx_hal_msp.o
                0x080045ac                HAL_UART_MspInit
 .text.NMI_Handler
                0x080046b4        0x8 ./Core/Src/stm32f4xx_it.o
                0x080046b4                NMI_Handler
 .text.HardFault_Handler
                0x080046bc        0x8 ./Core/Src/stm32f4xx_it.o
                0x080046bc                HardFault_Handler
 .text.MemManage_Handler
                0x080046c4        0x8 ./Core/Src/stm32f4xx_it.o
                0x080046c4                MemManage_Handler
 .text.BusFault_Handler
                0x080046cc        0x8 ./Core/Src/stm32f4xx_it.o
                0x080046cc                BusFault_Handler
 .text.UsageFault_Handler
                0x080046d4        0x8 ./Core/Src/stm32f4xx_it.o
                0x080046d4                UsageFault_Handler
 .text.SVC_Handler
                0x080046dc        0xe ./Core/Src/stm32f4xx_it.o
                0x080046dc                SVC_Handler
 .text.DebugMon_Handler
                0x080046ea        0xe ./Core/Src/stm32f4xx_it.o
                0x080046ea                DebugMon_Handler
 .text.PendSV_Handler
                0x080046f8        0xe ./Core/Src/stm32f4xx_it.o
                0x080046f8                PendSV_Handler
 *fill*         0x08004706        0x2 
 .text.SysTick_Handler
                0x08004708       0x40 ./Core/Src/stm32f4xx_it.o
                0x08004708                SysTick_Handler
 .text.USART1_IRQHandler
                0x08004748       0x14 ./Core/Src/stm32f4xx_it.o
                0x08004748                USART1_IRQHandler
 .text.TIM6_DAC_IRQHandler
                0x0800475c       0x14 ./Core/Src/stm32f4xx_it.o
                0x0800475c                TIM6_DAC_IRQHandler
 .text.TIM7_IRQHandler
                0x08004770       0x14 ./Core/Src/stm32f4xx_it.o
                0x08004770                TIM7_IRQHandler
 .text._sbrk    0x08004784       0x6c ./Core/Src/sysmem.o
                0x08004784                _sbrk
 .text.SystemInit
                0x080047f0       0x24 ./Core/Src/system_stm32f4xx.o
                0x080047f0                SystemInit
 .text.Reset_Handler
                0x08004814       0x50 ./Core/Startup/startup_stm32f446retx.o
                0x08004814                Reset_Handler
 .text.Default_Handler
                0x08004864        0x2 ./Core/Startup/startup_stm32f446retx.o
                0x08004864                RTC_Alarm_IRQHandler
                0x08004864                EXTI2_IRQHandler
                0x08004864                TIM8_CC_IRQHandler
                0x08004864                FMPI2C1_EV_IRQHandler
                0x08004864                SPI4_IRQHandler
                0x08004864                TIM1_CC_IRQHandler
                0x08004864                DMA2_Stream5_IRQHandler
                0x08004864                DMA1_Stream5_IRQHandler
                0x08004864                PVD_IRQHandler
                0x08004864                SDIO_IRQHandler
                0x08004864                TAMP_STAMP_IRQHandler
                0x08004864                CAN2_RX1_IRQHandler
                0x08004864                EXTI3_IRQHandler
                0x08004864                TIM8_TRG_COM_TIM14_IRQHandler
                0x08004864                TIM1_UP_TIM10_IRQHandler
                0x08004864                TIM8_UP_TIM13_IRQHandler
                0x08004864                I2C3_ER_IRQHandler
                0x08004864                EXTI0_IRQHandler
                0x08004864                I2C2_EV_IRQHandler
                0x08004864                DMA1_Stream2_IRQHandler
                0x08004864                CAN1_RX0_IRQHandler
                0x08004864                FPU_IRQHandler
                0x08004864                OTG_HS_WKUP_IRQHandler
                0x08004864                CAN2_SCE_IRQHandler
                0x08004864                DMA2_Stream2_IRQHandler
                0x08004864                SPI1_IRQHandler
                0x08004864                TIM1_BRK_TIM9_IRQHandler
                0x08004864                DCMI_IRQHandler
                0x08004864                CAN2_RX0_IRQHandler
                0x08004864                DMA2_Stream3_IRQHandler
                0x08004864                SAI2_IRQHandler
                0x08004864                USART6_IRQHandler
                0x08004864                USART3_IRQHandler
                0x08004864                CAN1_RX1_IRQHandler
                0x08004864                UART5_IRQHandler
                0x08004864                DMA2_Stream0_IRQHandler
                0x08004864                TIM4_IRQHandler
                0x08004864                QUADSPI_IRQHandler
                0x08004864                I2C1_EV_IRQHandler
                0x08004864                DMA1_Stream6_IRQHandler
                0x08004864                DMA1_Stream1_IRQHandler
                0x08004864                UART4_IRQHandler
                0x08004864                TIM3_IRQHandler
                0x08004864                RCC_IRQHandler
                0x08004864                TIM8_BRK_TIM12_IRQHandler
                0x08004864                Default_Handler
                0x08004864                CEC_IRQHandler
                0x08004864                EXTI15_10_IRQHandler
                0x08004864                ADC_IRQHandler
                0x08004864                DMA1_Stream7_IRQHandler
                0x08004864                CAN2_TX_IRQHandler
                0x08004864                TIM5_IRQHandler
                0x08004864                DMA2_Stream7_IRQHandler
                0x08004864                I2C3_EV_IRQHandler
                0x08004864                EXTI9_5_IRQHandler
                0x08004864                RTC_WKUP_IRQHandler
                0x08004864                SPDIF_RX_IRQHandler
                0x08004864                SPI2_IRQHandler
                0x08004864                OTG_HS_EP1_IN_IRQHandler
                0x08004864                DMA1_Stream0_IRQHandler
                0x08004864                CAN1_TX_IRQHandler
                0x08004864                FMPI2C1_ER_IRQHandler
                0x08004864                EXTI4_IRQHandler
                0x08004864                OTG_HS_EP1_OUT_IRQHandler
                0x08004864                WWDG_IRQHandler
                0x08004864                TIM2_IRQHandler
                0x08004864                OTG_FS_WKUP_IRQHandler
                0x08004864                TIM1_TRG_COM_TIM11_IRQHandler
                0x08004864                OTG_HS_IRQHandler
                0x08004864                EXTI1_IRQHandler
                0x08004864                USART2_IRQHandler
                0x08004864                I2C2_ER_IRQHandler
                0x08004864                DMA2_Stream1_IRQHandler
                0x08004864                CAN1_SCE_IRQHandler
                0x08004864                FLASH_IRQHandler
                0x08004864                DMA2_Stream4_IRQHandler
                0x08004864                OTG_FS_IRQHandler
                0x08004864                SPI3_IRQHandler
                0x08004864                DMA1_Stream4_IRQHandler
                0x08004864                I2C1_ER_IRQHandler
                0x08004864                FMC_IRQHandler
                0x08004864                DMA2_Stream6_IRQHandler
                0x08004864                SAI1_IRQHandler
                0x08004864                DMA1_Stream3_IRQHandler
 *fill*         0x08004866        0x2 
 .text.HAL_Init
                0x08004868       0x44 ./Drivers/STM32F4xx_HAL_Driver/Src/stm32f4xx_hal.o
                0x08004868                HAL_Init
 .text.HAL_InitTick
                0x080048ac       0x60 ./Drivers/STM32F4xx_HAL_Driver/Src/stm32f4xx_hal.o
                0x080048ac                HAL_InitTick
 .text.HAL_IncTick
                0x0800490c       0x28 ./Drivers/STM32F4xx_HAL_Driver/Src/stm32f4xx_hal.o
                0x0800490c                HAL_IncTick
 .text.HAL_GetTick
                0x08004934       0x18 ./Drivers/STM32F4xx_HAL_Driver/Src/stm32f4xx_hal.o
                0x08004934                HAL_GetTick
 .text.HAL_Delay
                0x0800494c       0x48 ./Drivers/STM32F4xx_HAL_Driver/Src/stm32f4xx_hal.o
                0x0800494c                HAL_Delay
 .text.__NVIC_SetPriorityGrouping
                0x08004994       0x48 ./Drivers/STM32F4xx_HAL_Driver/Src/stm32f4xx_hal_cortex.o
 .text.__NVIC_GetPriorityGrouping
                0x080049dc       0x1c ./Drivers/STM32F4xx_HAL_Driver/Src/stm32f4xx_hal_cortex.o
 .text.__NVIC_EnableIRQ
                0x080049f8       0x3c ./Drivers/STM32F4xx_HAL_Driver/Src/stm32f4xx_hal_cortex.o
 .text.__NVIC_SetPriority
                0x08004a34       0x54 ./Drivers/STM32F4xx_HAL_Driver/Src/stm32f4xx_hal_cortex.o
 .text.NVIC_EncodePriority
                0x08004a88       0x66 ./Drivers/STM32F4xx_HAL_Driver/Src/stm32f4xx_hal_cortex.o
 *fill*         0x08004aee        0x2 
 .text.SysTick_Config
                0x08004af0       0x44 ./Drivers/STM32F4xx_HAL_Driver/Src/stm32f4xx_hal_cortex.o
 .text.HAL_NVIC_SetPriorityGrouping
                0x08004b34       0x16 ./Drivers/STM32F4xx_HAL_Driver/Src/stm32f4xx_hal_cortex.o
                0x08004b34                HAL_NVIC_SetPriorityGrouping
 .text.HAL_NVIC_SetPriority
                0x08004b4a       0x38 ./Drivers/STM32F4xx_HAL_Driver/Src/stm32f4xx_hal_cortex.o
                0x08004b4a                HAL_NVIC_SetPriority
 .text.HAL_NVIC_EnableIRQ
                0x08004b82       0x1c ./Drivers/STM32F4xx_HAL_Driver/Src/stm32f4xx_hal_cortex.o
                0x08004b82                HAL_NVIC_EnableIRQ
 .text.HAL_SYSTICK_Config
                0x08004b9e       0x18 ./Drivers/STM32F4xx_HAL_Driver/Src/stm32f4xx_hal_cortex.o
                0x08004b9e                HAL_SYSTICK_Config
 .text.HAL_SYSTICK_IRQHandler
                0x08004bb6        0xc ./Drivers/STM32F4xx_HAL_Driver/Src/stm32f4xx_hal_cortex.o
                0x08004bb6                HAL_SYSTICK_IRQHandler
 .text.HAL_SYSTICK_Callback
                0x08004bc2        0xe ./Drivers/STM32F4xx_HAL_Driver/Src/stm32f4xx_hal_cortex.o
                0x08004bc2                HAL_SYSTICK_Callback
 .text.HAL_DMA_Abort
                0x08004bd0       0xe0 ./Drivers/STM32F4xx_HAL_Driver/Src/stm32f4xx_hal_dma.o
                0x08004bd0                HAL_DMA_Abort
 .text.HAL_DMA_Abort_IT
                0x08004cb0       0x44 ./Drivers/STM32F4xx_HAL_Driver/Src/stm32f4xx_hal_dma.o
                0x08004cb0                HAL_DMA_Abort_IT
 .text.HAL_GPIO_Init
                0x08004cf4      0x328 ./Drivers/STM32F4xx_HAL_Driver/Src/stm32f4xx_hal_gpio.o
                0x08004cf4                HAL_GPIO_Init
 .text.HAL_GPIO_WritePin
                0x0800501c       0x32 ./Drivers/STM32F4xx_HAL_Driver/Src/stm32f4xx_hal_gpio.o
                0x0800501c                HAL_GPIO_WritePin
 *fill*         0x0800504e        0x2 
 .text.HAL_RCC_ClockConfig
                0x08005050      0x1cc ./Drivers/STM32F4xx_HAL_Driver/Src/stm32f4xx_hal_rcc.o
                0x08005050                HAL_RCC_ClockConfig
 .text.HAL_RCC_GetHCLKFreq
                0x0800521c       0x18 ./Drivers/STM32F4xx_HAL_Driver/Src/stm32f4xx_hal_rcc.o
                0x0800521c                HAL_RCC_GetHCLKFreq
 .text.HAL_RCC_GetPCLK1Freq
                0x08005234       0x28 ./Drivers/STM32F4xx_HAL_Driver/Src/stm32f4xx_hal_rcc.o
                0x08005234                HAL_RCC_GetPCLK1Freq
 .text.HAL_RCC_GetPCLK2Freq
                0x0800525c       0x28 ./Drivers/STM32F4xx_HAL_Driver/Src/stm32f4xx_hal_rcc.o
                0x0800525c                HAL_RCC_GetPCLK2Freq
 .text.HAL_RCC_GetSysClockFreq
                0x08005284      0x460 ./Drivers/STM32F4xx_HAL_Driver/Src/stm32f4xx_hal_rcc_ex.o
                0x08005284                HAL_RCC_GetSysClockFreq
 .text.HAL_RCC_OscConfig
                0x080056e4      0x53c ./Drivers/STM32F4xx_HAL_Driver/Src/stm32f4xx_hal_rcc_ex.o
                0x080056e4                HAL_RCC_OscConfig
 .text.HAL_SPI_Init
                0x08005c20      0x112 ./Drivers/STM32F4xx_HAL_Driver/Src/stm32f4xx_hal_spi.o
                0x08005c20                HAL_SPI_Init
 .text.HAL_SPI_Transmit
                0x08005d32      0x288 ./Drivers/STM32F4xx_HAL_Driver/Src/stm32f4xx_hal_spi.o
                0x08005d32                HAL_SPI_Transmit
 .text.HAL_SPI_TransmitReceive
                0x08005fba      0x352 ./Drivers/STM32F4xx_HAL_Driver/Src/stm32f4xx_hal_spi.o
                0x08005fba                HAL_SPI_TransmitReceive
 .text.SPI_WaitFlagStateUntilTimeout
                0x0800630c      0x110 ./Drivers/STM32F4xx_HAL_Driver/Src/stm32f4xx_hal_spi.o
 .text.SPI_EndRxTxTransaction
                0x0800641c       0xa8 ./Drivers/STM32F4xx_HAL_Driver/Src/stm32f4xx_hal_spi.o
 .text.HAL_TIM_Base_Init
                0x080064c4       0x9e ./Drivers/STM32F4xx_HAL_Driver/Src/stm32f4xx_hal_tim.o
                0x080064c4                HAL_TIM_Base_Init
 *fill*         0x08006562        0x2 
 .text.HAL_TIM_Base_Start_IT
                0x08006564       0xe0 ./Drivers/STM32F4xx_HAL_Driver/Src/stm32f4xx_hal_tim.o
                0x08006564                HAL_TIM_Base_Start_IT
 .text.HAL_TIM_IRQHandler
                0x08006644      0x1e0 ./Drivers/STM32F4xx_HAL_Driver/Src/stm32f4xx_hal_tim.o
                0x08006644                HAL_TIM_IRQHandler
 .text.HAL_TIM_OC_DelayElapsedCallback
                0x08006824       0x14 ./Drivers/STM32F4xx_HAL_Driver/Src/stm32f4xx_hal_tim.o
                0x08006824                HAL_TIM_OC_DelayElapsedCallback
 .text.HAL_TIM_IC_CaptureCallback
                0x08006838       0x14 ./Drivers/STM32F4xx_HAL_Driver/Src/stm32f4xx_hal_tim.o
                0x08006838                HAL_TIM_IC_CaptureCallback
 .text.HAL_TIM_PWM_PulseFinishedCallback
                0x0800684c       0x14 ./Drivers/STM32F4xx_HAL_Driver/Src/stm32f4xx_hal_tim.o
                0x0800684c                HAL_TIM_PWM_PulseFinishedCallback
 .text.HAL_TIM_TriggerCallback
                0x08006860       0x14 ./Drivers/STM32F4xx_HAL_Driver/Src/stm32f4xx_hal_tim.o
                0x08006860                HAL_TIM_TriggerCallback
 .text.TIM_Base_SetConfig
                0x08006874      0x14c ./Drivers/STM32F4xx_HAL_Driver/Src/stm32f4xx_hal_tim.o
                0x08006874                TIM_Base_SetConfig
 .text.HAL_TIMEx_MasterConfigSynchronization
                0x080069c0       0xf8 ./Drivers/STM32F4xx_HAL_Driver/Src/stm32f4xx_hal_tim_ex.o
                0x080069c0                HAL_TIMEx_MasterConfigSynchronization
 .text.HAL_TIMEx_CommutCallback
                0x08006ab8       0x14 ./Drivers/STM32F4xx_HAL_Driver/Src/stm32f4xx_hal_tim_ex.o
                0x08006ab8                HAL_TIMEx_CommutCallback
 .text.HAL_TIMEx_BreakCallback
                0x08006acc       0x14 ./Drivers/STM32F4xx_HAL_Driver/Src/stm32f4xx_hal_tim_ex.o
                0x08006acc                HAL_TIMEx_BreakCallback
 .text.HAL_UART_Init
                0x08006ae0       0xa0 ./Drivers/STM32F4xx_HAL_Driver/Src/stm32f4xx_hal_uart.o
                0x08006ae0                HAL_UART_Init
 .text.HAL_UART_Transmit
                0x08006b80      0x116 ./Drivers/STM32F4xx_HAL_Driver/Src/stm32f4xx_hal_uart.o
                0x08006b80                HAL_UART_Transmit
 .text.HAL_UART_Receive_IT
                0x08006c96       0x4a ./Drivers/STM32F4xx_HAL_Driver/Src/stm32f4xx_hal_uart.o
                0x08006c96                HAL_UART_Receive_IT
 .text.HAL_UART_IRQHandler
                0x08006ce0      0x554 ./Drivers/STM32F4xx_HAL_Driver/Src/stm32f4xx_hal_uart.o
                0x08006ce0                HAL_UART_IRQHandler
 .text.HAL_UART_TxCpltCallback
                0x08007234       0x14 ./Drivers/STM32F4xx_HAL_Driver/Src/stm32f4xx_hal_uart.o
                0x08007234                HAL_UART_TxCpltCallback
 .text.HAL_UART_ErrorCallback
                0x08007248       0x14 ./Drivers/STM32F4xx_HAL_Driver/Src/stm32f4xx_hal_uart.o
                0x08007248                HAL_UART_ErrorCallback
 .text.HAL_UARTEx_RxEventCallback
                0x0800725c       0x18 ./Drivers/STM32F4xx_HAL_Driver/Src/stm32f4xx_hal_uart.o
                0x0800725c                HAL_UARTEx_RxEventCallback
 .text.UART_WaitOnFlagUntilTimeout
                0x08007274       0xb2 ./Drivers/STM32F4xx_HAL_Driver/Src/stm32f4xx_hal_uart.o
 .text.UART_Start_Receive_IT
                0x08007326       0x74 ./Drivers/STM32F4xx_HAL_Driver/Src/stm32f4xx_hal_uart.o
                0x08007326                UART_Start_Receive_IT
 .text.UART_EndRxTransfer
                0x0800739a       0xc6 ./Drivers/STM32F4xx_HAL_Driver/Src/stm32f4xx_hal_uart.o
 .text.UART_DMAAbortOnError
                0x08007460       0x22 ./Drivers/STM32F4xx_HAL_Driver/Src/stm32f4xx_hal_uart.o
 .text.UART_Transmit_IT
                0x08007482       0xa0 ./Drivers/STM32F4xx_HAL_Driver/Src/stm32f4xx_hal_uart.o
 .text.UART_EndTransmit_IT
                0x08007522       0x30 ./Drivers/STM32F4xx_HAL_Driver/Src/stm32f4xx_hal_uart.o
 .text.UART_Receive_IT
                0x08007552      0x17c ./Drivers/STM32F4xx_HAL_Driver/Src/stm32f4xx_hal_uart.o
 *fill*         0x080076ce        0x2 
 .text.UART_SetConfig
                0x080076d0      0x4e8 ./Drivers/STM32F4xx_HAL_Driver/Src/stm32f4xx_hal_uart.o
 .text.MX_FATFS_Init
                0x08007bb8       0x24 ./FATFS/App/fatfs.o
                0x08007bb8                MX_FATFS_Init
 .text.get_fattime
                0x08007bdc       0x10 ./FATFS/App/fatfs.o
                0x08007bdc                get_fattime
 .text.USER_initialize
                0x08007bec       0x1c ./FATFS/Target/user_diskio.o
                0x08007bec                USER_initialize
 .text.USER_status
                0x08007c08       0x1c ./FATFS/Target/user_diskio.o
                0x08007c08                USER_status
 .text.USER_read
                0x08007c24       0x26 ./FATFS/Target/user_diskio.o
                0x08007c24                USER_read
 .text.USER_write
                0x08007c4a       0x26 ./FATFS/Target/user_diskio.o
                0x08007c4a                USER_write
 .text.USER_ioctl
                0x08007c70       0x26 ./FATFS/Target/user_diskio.o
                0x08007c70                USER_ioctl
 *fill*         0x08007c96        0x2 
 .text.disk_status
                0x08007c98       0x34 ./Middlewares/Third_Party/FatFs/src/diskio.o
                0x08007c98                disk_status
 .text.disk_initialize
                0x08007ccc       0x50 ./Middlewares/Third_Party/FatFs/src/diskio.o
                0x08007ccc                disk_initialize
 .text.disk_read
                0x08007d1c       0x40 ./Middlewares/Third_Party/FatFs/src/diskio.o
                0x08007d1c                disk_read
 .text.disk_write
                0x08007d5c       0x40 ./Middlewares/Third_Party/FatFs/src/diskio.o
                0x08007d5c                disk_write
 .text.disk_ioctl
                0x08007d9c       0x3c ./Middlewares/Third_Party/FatFs/src/diskio.o
                0x08007d9c                disk_ioctl
 .text.ld_word  0x08007dd8       0x32 ./Middlewares/Third_Party/FatFs/src/ff.o
 .text.ld_dword
                0x08007e0a       0x46 ./Middlewares/Third_Party/FatFs/src/ff.o
 .text.st_word  0x08007e50       0x36 ./Middlewares/Third_Party/FatFs/src/ff.o
 .text.st_dword
                0x08007e86       0x58 ./Middlewares/Third_Party/FatFs/src/ff.o
 .text.mem_cpy  0x08007ede       0x42 ./Middlewares/Third_Party/FatFs/src/ff.o
 .text.mem_set  0x08007f20       0x36 ./Middlewares/Third_Party/FatFs/src/ff.o
 .text.mem_cmp  0x08007f56       0x4e ./Middlewares/Third_Party/FatFs/src/ff.o
 .text.chk_chr  0x08007fa4       0x36 ./Middlewares/Third_Party/FatFs/src/ff.o
 *fill*         0x08007fda        0x2 
 .text.chk_lock
                0x08007fdc       0xb8 ./Middlewares/Third_Party/FatFs/src/ff.o
 .text.enq_lock
                0x08008094       0x44 ./Middlewares/Third_Party/FatFs/src/ff.o
 .text.inc_lock
                0x080080d8      0x11c ./Middlewares/Third_Party/FatFs/src/ff.o
 .text.dec_lock
                0x080081f4       0x78 ./Middlewares/Third_Party/FatFs/src/ff.o
 .text.clear_lock
                0x0800826c       0x48 ./Middlewares/Third_Party/FatFs/src/ff.o
 .text.sync_window
                0x080082b4       0x88 ./Middlewares/Third_Party/FatFs/src/ff.o
 .text.move_window
                0x0800833c       0x5a ./Middlewares/Third_Party/FatFs/src/ff.o
 *fill*         0x08008396        0x2 
 .text.sync_fs  0x08008398       0xdc ./Middlewares/Third_Party/FatFs/src/ff.o
 .text.clust2sect
                0x08008474       0x3e ./Middlewares/Third_Party/FatFs/src/ff.o
 .text.get_fat  0x080084b2      0x14e ./Middlewares/Third_Party/FatFs/src/ff.o
 .text.put_fat  0x08008600      0x1d4 ./Middlewares/Third_Party/FatFs/src/ff.o
 .text.remove_chain
                0x080087d4       0xca ./Middlewares/Third_Party/FatFs/src/ff.o
 .text.create_chain
                0x0800889e      0x130 ./Middlewares/Third_Party/FatFs/src/ff.o
 .text.clmt_clust
                0x080089ce       0x68 ./Middlewares/Third_Party/FatFs/src/ff.o
 .text.dir_sdi  0x08008a36       0xf6 ./Middlewares/Third_Party/FatFs/src/ff.o
 .text.dir_next
                0x08008b2c      0x18a ./Middlewares/Third_Party/FatFs/src/ff.o
 .text.dir_alloc
                0x08008cb6       0x8e ./Middlewares/Third_Party/FatFs/src/ff.o
 .text.ld_clust
                0x08008d44       0x3e ./Middlewares/Third_Party/FatFs/src/ff.o
 .text.st_clust
                0x08008d82       0x40 ./Middlewares/Third_Party/FatFs/src/ff.o
 .text.dir_find
                0x08008dc2       0xaa ./Middlewares/Third_Party/FatFs/src/ff.o
 .text.dir_register
                0x08008e6c       0x64 ./Middlewares/Third_Party/FatFs/src/ff.o
 .text.create_name
                0x08008ed0      0x128 ./Middlewares/Third_Party/FatFs/src/ff.o
 .text.follow_path
                0x08008ff8       0xe2 ./Middlewares/Third_Party/FatFs/src/ff.o
 .text.get_ldnumber
                0x080090da       0x88 ./Middlewares/Third_Party/FatFs/src/ff.o
 *fill*         0x08009162        0x2 
 .text.check_fs
                0x08009164       0xac ./Middlewares/Third_Party/FatFs/src/ff.o
 .text.find_volume
                0x08009210      0x498 ./Middlewares/Third_Party/FatFs/src/ff.o
 .text.validate
                0x080096a8       0x6a ./Middlewares/Third_Party/FatFs/src/ff.o
 *fill*         0x08009712        0x2 
 .text.f_mount  0x08009714       0x8c ./Middlewares/Third_Party/FatFs/src/ff.o
                0x08009714                f_mount
 .text.f_open   0x080097a0      0x374 ./Middlewares/Third_Party/FatFs/src/ff.o
                0x080097a0                f_open
 .text.f_read   0x08009b14      0x27e ./Middlewares/Third_Party/FatFs/src/ff.o
                0x08009b14                f_read
 .text.f_sync   0x08009d92       0xfc ./Middlewares/Third_Party/FatFs/src/ff.o
                0x08009d92                f_sync
 .text.f_close  0x08009e8e       0x54 ./Middlewares/Third_Party/FatFs/src/ff.o
                0x08009e8e                f_close
 *fill*         0x08009ee2        0x2 
 .text.FATFS_LinkDriverEx
                0x08009ee4       0x98 ./Middlewares/Third_Party/FatFs/src/ff_gen_drv.o
                0x08009ee4                FATFS_LinkDriverEx
 .text.FATFS_LinkDriver
                0x08009f7c       0x1e ./Middlewares/Third_Party/FatFs/src/ff_gen_drv.o
                0x08009f7c                FATFS_LinkDriver
 *fill*         0x08009f9a        0x2 
 .text.sprintf  0x08009f9c       0x44 C:/ST/STM32CubeIDE_2.1.0/STM32CubeIDE/plugins/com.st.stm32cube.ide.mcu.externaltools.gnu-tools-for-stm32.14.3.rel1.win32_1.0.100.202602081740/tools/bin/../lib/gcc/arm-none-eabi/14.3.1/../../../../arm-none-eabi/lib/thumb/v7e-m+fp/hard\libc_nano.a(libc_a-sprintf.o)
                0x08009f9c                siprintf
                0x08009f9c                sprintf
 .text.memset   0x08009fe0       0x10 C:/ST/STM32CubeIDE_2.1.0/STM32CubeIDE/plugins/com.st.stm32cube.ide.mcu.externaltools.gnu-tools-for-stm32.14.3.rel1.win32_1.0.100.202602081740/tools/bin/../lib/gcc/arm-none-eabi/14.3.1/../../../../arm-none-eabi/lib/thumb/v7e-m+fp/hard\libc_nano.a(libc_a-memset.o)
                0x08009fe0                memset
 .text.__errno  0x08009ff0        0xc C:/ST/STM32CubeIDE_2.1.0/STM32CubeIDE/plugins/com.st.stm32cube.ide.mcu.externaltools.gnu-tools-for-stm32.14.3.rel1.win32_1.0.100.202602081740/tools/bin/../lib/gcc/arm-none-eabi/14.3.1/../../../../arm-none-eabi/lib/thumb/v7e-m+fp/hard\libc_nano.a(libc_a-errno.o)
                0x08009ff0                __errno
 .text.__libc_init_array
                0x08009ffc       0x48 C:/ST/STM32CubeIDE_2.1.0/STM32CubeIDE/plugins/com.st.stm32cube.ide.mcu.externaltools.gnu-tools-for-stm32.14.3.rel1.win32_1.0.100.202602081740/tools/bin/../lib/gcc/arm-none-eabi/14.3.1/../../../../arm-none-eabi/lib/thumb/v7e-m+fp/hard\libc_nano.a(libc_a-init.o)
                0x08009ffc                __libc_init_array
 .text.__retarget_lock_acquire_recursive
                0x0800a044        0x2 C:/ST/STM32CubeIDE_2.1.0/STM32CubeIDE/plugins/com.st.stm32cube.ide.mcu.externaltools.gnu-tools-for-stm32.14.3.rel1.win32_1.0.100.202602081740/tools/bin/../lib/gcc/arm-none-eabi/14.3.1/../../../../arm-none-eabi/lib/thumb/v7e-m+fp/hard\libc_nano.a(libc_a-lock.o)
                0x0800a044                __retarget_lock_acquire_recursive
 .text.__retarget_lock_release_recursive
                0x0800a046        0x2 C:/ST/STM32CubeIDE_2.1.0/STM32CubeIDE/plugins/com.st.stm32cube.ide.mcu.externaltools.gnu-tools-for-stm32.14.3.rel1.win32_1.0.100.202602081740/tools/bin/../lib/gcc/arm-none-eabi/14.3.1/../../../../arm-none-eabi/lib/thumb/v7e-m+fp/hard\libc_nano.a(libc_a-lock.o)
                0x0800a046                __retarget_lock_release_recursive
 .text._free_r  0x0800a048       0x94 C:/ST/STM32CubeIDE_2.1.0/STM32CubeIDE/plugins/com.st.stm32cube.ide.mcu.externaltools.gnu-tools-for-stm32.14.3.rel1.win32_1.0.100.202602081740/tools/bin/../lib/gcc/arm-none-eabi/14.3.1/../../../../arm-none-eabi/lib/thumb/v7e-m+fp/hard\libc_nano.a(libc_a-freer.o)
                0x0800a048                _free_r
 .text.sbrk_aligned
                0x0800a0dc       0x44 C:/ST/STM32CubeIDE_2.1.0/STM32CubeIDE/plugins/com.st.stm32cube.ide.mcu.externaltools.gnu-tools-for-stm32.14.3.rel1.win32_1.0.100.202602081740/tools/bin/../lib/gcc/arm-none-eabi/14.3.1/../../../../arm-none-eabi/lib/thumb/v7e-m+fp/hard\libc_nano.a(libc_a-mallocr.o)
 .text._malloc_r
                0x0800a120      0x100 C:/ST/STM32CubeIDE_2.1.0/STM32CubeIDE/plugins/com.st.stm32cube.ide.mcu.externaltools.gnu-tools-for-stm32.14.3.rel1.win32_1.0.100.202602081740/tools/bin/../lib/gcc/arm-none-eabi/14.3.1/../../../../arm-none-eabi/lib/thumb/v7e-m+fp/hard\libc_nano.a(libc_a-mallocr.o)
                0x0800a120                _malloc_r
 .text.__malloc_lock
                0x0800a220        0xc C:/ST/STM32CubeIDE_2.1.0/STM32CubeIDE/plugins/com.st.stm32cube.ide.mcu.externaltools.gnu-tools-for-stm32.14.3.rel1.win32_1.0.100.202602081740/tools/bin/../lib/gcc/arm-none-eabi/14.3.1/../../../../arm-none-eabi/lib/thumb/v7e-m+fp/hard\libc_nano.a(libc_a-mlock.o)
                0x0800a220                __malloc_lock
 .text.__malloc_unlock
                0x0800a22c        0xc C:/ST/STM32CubeIDE_2.1.0/STM32CubeIDE/plugins/com.st.stm32cube.ide.mcu.externaltools.gnu-tools-for-stm32.14.3.rel1.win32_1.0.100.202602081740/tools/bin/../lib/gcc/arm-none-eabi/14.3.1/../../../../arm-none-eabi/lib/thumb/v7e-m+fp/hard\libc_nano.a(libc_a-mlock.o)
                0x0800a22c                __malloc_unlock
 .text.__ssputs_r
                0x0800a238       0xc0 C:/ST/STM32CubeIDE_2.1.0/STM32CubeIDE/plugins/com.st.stm32cube.ide.mcu.externaltools.gnu-tools-for-stm32.14.3.rel1.win32_1.0.100.202602081740/tools/bin/../lib/gcc/arm-none-eabi/14.3.1/../../../../arm-none-eabi/lib/thumb/v7e-m+fp/hard\libc_nano.a(libc_a-nano-svfprintf.o)
                0x0800a238                __ssputs_r
 .text._svfprintf_r
                0x0800a2f8      0x1f0 C:/ST/STM32CubeIDE_2.1.0/STM32CubeIDE/plugins/com.st.stm32cube.ide.mcu.externaltools.gnu-tools-for-stm32.14.3.rel1.win32_1.0.100.202602081740/tools/bin/../lib/gcc/arm-none-eabi/14.3.1/../../../../arm-none-eabi/lib/thumb/v7e-m+fp/hard\libc_nano.a(libc_a-nano-svfprintf.o)
                0x0800a2f8                _svfiprintf_r
                0x0800a2f8                _svfprintf_r
 .text._printf_common
                0x0800a4e8       0xda C:/ST/STM32CubeIDE_2.1.0/STM32CubeIDE/plugins/com.st.stm32cube.ide.mcu.externaltools.gnu-tools-for-stm32.14.3.rel1.win32_1.0.100.202602081740/tools/bin/../lib/gcc/arm-none-eabi/14.3.1/../../../../arm-none-eabi/lib/thumb/v7e-m+fp/hard\libc_nano.a(libc_a-nano-vfprintf_i.o)
                0x0800a4e8                _printf_common
 *fill*         0x0800a5c2        0x2 
 .text._printf_i
                0x0800a5c4      0x24c C:/ST/STM32CubeIDE_2.1.0/STM32CubeIDE/plugins/com.st.stm32cube.ide.mcu.externaltools.gnu-tools-for-stm32.14.3.rel1.win32_1.0.100.202602081740/tools/bin/../lib/gcc/arm-none-eabi/14.3.1/../../../../arm-none-eabi/lib/thumb/v7e-m+fp/hard\libc_nano.a(libc_a-nano-vfprintf_i.o)
                0x0800a5c4                _printf_i
 .text.memmove  0x0800a810       0x32 C:/ST/STM32CubeIDE_2.1.0/STM32CubeIDE/plugins/com.st.stm32cube.ide.mcu.externaltools.gnu-tools-for-stm32.14.3.rel1.win32_1.0.100.202602081740/tools/bin/../lib/gcc/arm-none-eabi/14.3.1/../../../../arm-none-eabi/lib/thumb/v7e-m+fp/hard\libc_nano.a(libc_a-memmove.o)
                0x0800a810                memmove
 *fill*         0x0800a842        0x2 
 .text._sbrk_r  0x0800a844       0x20 C:/ST/STM32CubeIDE_2.1.0/STM32CubeIDE/plugins/com.st.stm32cube.ide.mcu.externaltools.gnu-tools-for-stm32.14.3.rel1.win32_1.0.100.202602081740/tools/bin/../lib/gcc/arm-none-eabi/14.3.1/../../../../arm-none-eabi/lib/thumb/v7e-m+fp/hard\libc_nano.a(libc_a-sbrkr.o)
                0x0800a844                _sbrk_r
 .text.memcpy   0x0800a864       0x1c C:/ST/STM32CubeIDE_2.1.0/STM32CubeIDE/plugins/com.st.stm32cube.ide.mcu.externaltools.gnu-tools-for-stm32.14.3.rel1.win32_1.0.100.202602081740/tools/bin/../lib/gcc/arm-none-eabi/14.3.1/../../../../arm-none-eabi/lib/thumb/v7e-m+fp/hard\libc_nano.a(libc_a-memcpy-stub.o)
                0x0800a864                memcpy
 .text._realloc_r
                0x0800a880       0x5c C:/ST/STM32CubeIDE_2.1.0/STM32CubeIDE/plugins/com.st.stm32cube.ide.mcu.externaltools.gnu-tools-for-stm32.14.3.rel1.win32_1.0.100.202602081740/tools/bin/../lib/gcc/arm-none-eabi/14.3.1/../../../../arm-none-eabi/lib/thumb/v7e-m+fp/hard\libc_nano.a(libc_a-reallocr.o)
                0x0800a880                _realloc_r
 .text._malloc_usable_size_r
                0x0800a8dc       0x10 C:/ST/STM32CubeIDE_2.1.0/STM32CubeIDE/plugins/com.st.stm32cube.ide.mcu.externaltools.gnu-tools-for-stm32.14.3.rel1.win32_1.0.100.202602081740/tools/bin/../lib/gcc/arm-none-eabi/14.3.1/../../../../arm-none-eabi/lib/thumb/v7e-m+fp/hard\libc_nano.a(libc_a-msizer.o)
                0x0800a8dc                _malloc_usable_size_r
 *(.glue_7)
 .glue_7        0x0800a8ec        0x0 linker stubs
 *(.glue_7t)
 .glue_7t       0x0800a8ec        0x0 linker stubs
 *(.eh_frame)
 .eh_frame      0x0800a8ec        0x0 C:/ST/STM32CubeIDE_2.1.0/STM32CubeIDE/plugins/com.st.stm32cube.ide.mcu.externaltools.gnu-tools-for-stm32.14.3.rel1.win32_1.0.100.202602081740/tools/bin/../lib/gcc/arm-none-eabi/14.3.1/thumb/v7e-m+fp/hard/crtbegin.o
 *(.init)
 .init          0x0800a8ec        0x4 C:/ST/STM32CubeIDE_2.1.0/STM32CubeIDE/plugins/com.st.stm32cube.ide.mcu.externaltools.gnu-tools-for-stm32.14.3.rel1.win32_1.0.100.202602081740/tools/bin/../lib/gcc/arm-none-eabi/14.3.1/thumb/v7e-m+fp/hard/crti.o
                0x0800a8ec                _init
 .init          0x0800a8f0        0x8 C:/ST/STM32CubeIDE_2.1.0/STM32CubeIDE/plugins/com.st.stm32cube.ide.mcu.externaltools.gnu-tools-for-stm32.14.3.rel1.win32_1.0.100.202602081740/tools/bin/../lib/gcc/arm-none-eabi/14.3.1/thumb/v7e-m+fp/hard/crtn.o
 *(.fini)
 .fini          0x0800a8f8        0x4 C:/ST/STM32CubeIDE_2.1.0/STM32CubeIDE/plugins/com.st.stm32cube.ide.mcu.externaltools.gnu-tools-for-stm32.14.3.rel1.win32_1.0.100.202602081740/tools/bin/../lib/gcc/arm-none-eabi/14.3.1/thumb/v7e-m+fp/hard/crti.o
                0x0800a8f8                _fini
 .fini          0x0800a8fc        0x8 C:/ST/STM32CubeIDE_2.1.0/STM32CubeIDE/plugins/com.st.stm32cube.ide.mcu.externaltools.gnu-tools-for-stm32.14.3.rel1.win32_1.0.100.202602081740/tools/bin/../lib/gcc/arm-none-eabi/14.3.1/thumb/v7e-m+fp/hard/crtn.o
                0x0800a904                        . = ALIGN (0x4)
                0x0800a904                        _etext = .

.vfp11_veneer   0x0800a904        0x0
 .vfp11_veneer  0x0800a904        0x0 linker stubs

.v4_bx          0x0800a904        0x0
 .v4_bx         0x0800a904        0x0 linker stubs

.iplt           0x0800a904        0x0
 .iplt          0x0800a904        0x0 C:/ST/STM32CubeIDE_2.1.0/STM32CubeIDE/plugins/com.st.stm32cube.ide.mcu.externaltools.gnu-tools-for-stm32.14.3.rel1.win32_1.0.100.202602081740/tools/bin/../lib/gcc/arm-none-eabi/14.3.1/thumb/v7e-m+fp/hard/crtbegin.o

.rodata         0x0800a904    0x26c6c
                0x0800a904                        . = ALIGN (0x4)
 *(.rodata)
 .rodata        0x0800a904      0x306 ./Core/Src/main.o
 *fill*         0x0800ac0a        0x2 
 .rodata        0x0800ac0c       0x44 ./Middlewares/Third_Party/FatFs/src/ff.o
 *(.rodata*)
 .rodata.smallFont
                0x0800ac50      0x474 ./Core/Src/font.o
                0x0800ac50                smallFont
 .rodata.bigFont
                0x0800b0c4      0xbe0 ./Core/Src/font.o
                0x0800b0c4                bigFont
 .rodata.fondo  0x0800bca4    0x25800 ./Core/Src/graficos.o
                0x0800bca4                fondo
 .rodata.AHBPrescTable
                0x080314a4       0x10 ./Core/Src/system_stm32f4xx.o
                0x080314a4                AHBPrescTable
 .rodata.APBPrescTable
                0x080314b4        0x8 ./Core/Src/system_stm32f4xx.o
                0x080314b4                APBPrescTable
 .rodata.ExCvt  0x080314bc       0x80 ./Middlewares/Third_Party/FatFs/src/ff.o
 .rodata._svfprintf_r.str1.1
                0x0803153c       0x33 C:/ST/STM32CubeIDE_2.1.0/STM32CubeIDE/plugins/com.st.stm32cube.ide.mcu.externaltools.gnu-tools-for-stm32.14.3.rel1.win32_1.0.100.202602081740/tools/bin/../lib/gcc/arm-none-eabi/14.3.1/../../../../arm-none-eabi/lib/thumb/v7e-m+fp/hard\libc_nano.a(libc_a-nano-svfprintf.o)
                                 0x11 (size before relaxing)
 .rodata._printf_i.str1.1
                0x0803156f       0x22 C:/ST/STM32CubeIDE_2.1.0/STM32CubeIDE/plugins/com.st.stm32cube.ide.mcu.externaltools.gnu-tools-for-stm32.14.3.rel1.win32_1.0.100.202602081740/tools/bin/../lib/gcc/arm-none-eabi/14.3.1/../../../../arm-none-eabi/lib/thumb/v7e-m+fp/hard\libc_nano.a(libc_a-nano-vfprintf_i.o)
                0x08031594                        . = ALIGN (0x4)
 *fill*         0x0803156f        0x1 

.ARM.extab      0x08031570        0x0
                0x08031570                        . = ALIGN (0x4)
 *(.ARM.extab* .gnu.linkonce.armextab.*)
                0x08031570                        . = ALIGN (0x4)

.ARM            0x08031570        0x8
                0x08031570                        . = ALIGN (0x4)
                0x08031570                        __exidx_start = .
 *(.ARM.exidx*)
 .ARM.exidx     0x08031570        0x8 C:/ST/STM32CubeIDE_2.1.0/STM32CubeIDE/plugins/com.st.stm32cube.ide.mcu.externaltools.gnu-tools-for-stm32.14.3.rel1.win32_1.0.100.202602081740/tools/bin/../lib/gcc/arm-none-eabi/14.3.1/../../../../arm-none-eabi/lib/thumb/v7e-m+fp/hard\libc_nano.a(libc_a-strlen.o)
 .ARM.exidx     0x08031578        0x0 C:/ST/STM32CubeIDE_2.1.0/STM32CubeIDE/plugins/com.st.stm32cube.ide.mcu.externaltools.gnu-tools-for-stm32.14.3.rel1.win32_1.0.100.202602081740/tools/bin/../lib/gcc/arm-none-eabi/14.3.1/../../../../arm-none-eabi/lib/thumb/v7e-m+fp/hard\libc_nano.a(libc_a-memchr.o)
                                  0x8 (size before relaxing)
 .ARM.exidx     0x08031578        0x0 C:/ST/STM32CubeIDE_2.1.0/STM32CubeIDE/plugins/com.st.stm32cube.ide.mcu.externaltools.gnu-tools-for-stm32.14.3.rel1.win32_1.0.100.202602081740/tools/bin/../lib/gcc/arm-none-eabi/14.3.1/thumb/v7e-m+fp/hard\libgcc.a(_udivmoddi4.o)
                                  0x8 (size before relaxing)
                0x08031578                        __exidx_end = .
                0x08031578                        . = ALIGN (0x4)

.preinit_array  0x08031578        0x0
                0x08031578                        . = ALIGN (0x4)
                0x08031578                        PROVIDE (__preinit_array_start = .)
 *(.preinit_array*)
                0x08031578                        PROVIDE (__preinit_array_end = .)
                0x08031578                        . = ALIGN (0x4)

.init_array     0x08031578        0x4
                0x08031578                        . = ALIGN (0x4)
                0x08031578                        PROVIDE (__init_array_start = .)
 *(SORT_BY_NAME(.init_array.*))
 *(.init_array*)
 .init_array    0x08031578        0x4 C:/ST/STM32CubeIDE_2.1.0/STM32CubeIDE/plugins/com.st.stm32cube.ide.mcu.externaltools.gnu-tools-for-stm32.14.3.rel1.win32_1.0.100.202602081740/tools/bin/../lib/gcc/arm-none-eabi/14.3.1/thumb/v7e-m+fp/hard/crtbegin.o
                0x0803157c                        PROVIDE (__init_array_end = .)
                0x0803157c                        . = ALIGN (0x4)

.fini_array     0x0803157c        0x4
                0x0803157c                        . = ALIGN (0x4)
                [!provide]                        PROVIDE (__fini_array_start = .)
 *(SORT_BY_NAME(.fini_array.*))
 *(.fini_array*)
 .fini_array    0x0803157c        0x4 C:/ST/STM32CubeIDE_2.1.0/STM32CubeIDE/plugins/com.st.stm32cube.ide.mcu.externaltools.gnu-tools-for-stm32.14.3.rel1.win32_1.0.100.202602081740/tools/bin/../lib/gcc/arm-none-eabi/14.3.1/thumb/v7e-m+fp/hard/crtbegin.o
                [!provide]                        PROVIDE (__fini_array_end = .)
                0x08031580                        . = ALIGN (0x4)
                0x08031580                        _sidata = LOADADDR (.data)

.rel.dyn        0x08031580        0x0
 .rel.iplt      0x08031580        0x0 C:/ST/STM32CubeIDE_2.1.0/STM32CubeIDE/plugins/com.st.stm32cube.ide.mcu.externaltools.gnu-tools-for-stm32.14.3.rel1.win32_1.0.100.202602081740/tools/bin/../lib/gcc/arm-none-eabi/14.3.1/thumb/v7e-m+fp/hard/crtbegin.o

.data           0x20000000       0x74 load address 0x08031580
                0x20000000                        . = ALIGN (0x4)
                0x20000000                        _sdata = .
 *(.data)
 *(.data*)
 .data.Stat     0x20000000        0x1 ./Core/Src/fatfs_sd.o
 .data.pepino1  0x20000001        0x1 ./Core/Src/main.o
                0x20000001                pepino1
 .data.pepino2  0x20000002        0x1 ./Core/Src/main.o
                0x20000002                pepino2
 .data.movicanche
                0x20000003        0x1 ./Core/Src/main.o
                0x20000003                movicanche
 .data.SystemCoreClock
                0x20000004        0x4 ./Core/Src/system_stm32f4xx.o
                0x20000004                SystemCoreClock
 .data.uwTickPrio
                0x20000008        0x4 ./Drivers/STM32F4xx_HAL_Driver/Src/stm32f4xx_hal.o
                0x20000008                uwTickPrio
 .data.uwTickFreq
                0x2000000c        0x1 ./Drivers/STM32F4xx_HAL_Driver/Src/stm32f4xx_hal.o
                0x2000000c                uwTickFreq
 *fill*         0x2000000d        0x3 
 .data.USER_Driver
                0x20000010       0x14 ./FATFS/Target/user_diskio.o
                0x20000010                USER_Driver
 .data._impure_ptr
                0x20000024        0x4 C:/ST/STM32CubeIDE_2.1.0/STM32CubeIDE/plugins/com.st.stm32cube.ide.mcu.externaltools.gnu-tools-for-stm32.14.3.rel1.win32_1.0.100.202602081740/tools/bin/../lib/gcc/arm-none-eabi/14.3.1/../../../../arm-none-eabi/lib/thumb/v7e-m+fp/hard\libc_nano.a(libc_a-impure.o)
                0x20000024                _impure_ptr
 .data._impure_data
                0x20000028       0x4c C:/ST/STM32CubeIDE_2.1.0/STM32CubeIDE/plugins/com.st.stm32cube.ide.mcu.externaltools.gnu-tools-for-stm32.14.3.rel1.win32_1.0.100.202602081740/tools/bin/../lib/gcc/arm-none-eabi/14.3.1/../../../../arm-none-eabi/lib/thumb/v7e-m+fp/hard\libc_nano.a(libc_a-impure.o)
                0x20000028                _impure_data
 *(.RamFunc)
 *(.RamFunc*)
                0x20000074                        . = ALIGN (0x4)
                0x20000074                        _edata = .

.igot.plt       0x20000074        0x0 load address 0x080315f4
 .igot.plt      0x20000074        0x0 C:/ST/STM32CubeIDE_2.1.0/STM32CubeIDE/plugins/com.st.stm32cube.ide.mcu.externaltools.gnu-tools-for-stm32.14.3.rel1.win32_1.0.100.202602081740/tools/bin/../lib/gcc/arm-none-eabi/14.3.1/thumb/v7e-m+fp/hard/crtbegin.o
                0x20000074                        . = ALIGN (0x4)

.bss            0x20000074    0x192b8 load address 0x080315f4
                0x20000074                        _sbss = .
                0x20000074                        __bss_start__ = _sbss
 *(.bss)
 .bss           0x20000074       0x1c C:/ST/STM32CubeIDE_2.1.0/STM32CubeIDE/plugins/com.st.stm32cube.ide.mcu.externaltools.gnu-tools-for-stm32.14.3.rel1.win32_1.0.100.202602081740/tools/bin/../lib/gcc/arm-none-eabi/14.3.1/thumb/v7e-m+fp/hard/crtbegin.o
 *(.bss*)
 .bss.Timer1    0x20000090        0x2 ./Core/Src/fatfs_sd.o
                0x20000090                Timer1
 .bss.Timer2    0x20000092        0x2 ./Core/Src/fatfs_sd.o
                0x20000092                Timer2
 .bss.CardType  0x20000094        0x1 ./Core/Src/fatfs_sd.o
 .bss.PowerFlag
                0x20000095        0x1 ./Core/Src/fatfs_sd.o
 *fill*         0x20000096        0x2 
 .bss.fs        0x20000098      0x230 ./Core/Src/main.o
                0x20000098                fs
 .bss.fil       0x200002c8      0x230 ./Core/Src/main.o
                0x200002c8                fil
 .bss.fres      0x200004f8        0x1 ./Core/Src/main.o
                0x200004f8                fres
 *fill*         0x200004f9        0x3 
 .bss.hspi1     0x200004fc       0x58 ./Core/Src/main.o
                0x200004fc                hspi1
 .bss.htim6     0x20000554       0x48 ./Core/Src/main.o
                0x20000554                htim6
 .bss.htim7     0x2000059c       0x48 ./Core/Src/main.o
                0x2000059c                htim7
 .bss.huart1    0x200005e4       0x48 ./Core/Src/main.o
                0x200005e4                huart1
 .bss.huart2    0x2000062c       0x48 ./Core/Src/main.o
                0x2000062c                huart2
 .bss.buffer_p1
                0x20000674     0x4ec0 ./Core/Src/main.o
 .bss.buffer_p2
                0x20005534     0x4ec0 ./Core/Src/main.o
 .bss.erase_p1  0x2000a3f4     0x4ec0 ./Core/Src/main.o
 .bss.erase_p2  0x2000f2b4     0x4ec0 ./Core/Src/main.o
 .bss.buffer_dibujo_SD
                0x20014174     0x5000 ./Core/Src/main.o
 .bss.continiun
                0x20019174        0x1 ./Core/Src/main.o
                0x20019174                continiun
 *fill*         0x20019175        0x1 
 .bss.pos_p1x   0x20019176        0x2 ./Core/Src/main.o
                0x20019176                pos_p1x
 .bss.pos_p1y   0x20019178        0x2 ./Core/Src/main.o
                0x20019178                pos_p1y
 .bss.pos_p2x   0x2001917a        0x2 ./Core/Src/main.o
                0x2001917a                pos_p2x
 .bss.pos_p2y   0x2001917c        0x2 ./Core/Src/main.o
                0x2001917c                pos_p2y
 .bss.nano_rx   0x2001917e        0x1 ./Core/Src/main.o
                0x2001917e                nano_rx
 .bss.menu_state
                0x2001917f        0x1 ./Core/Src/main.o
                0x2001917f                menu_state
 .bss.state     0x20019180        0x1 ./Core/Src/main.o
                0x20019180                state
 .bss.draw_ok   0x20019181        0x1 ./Core/Src/main.o
                0x20019181                draw_ok
 .bss.p_press   0x20019182        0x1 ./Core/Src/main.o
                0x20019182                p_press
 .bss.p1_input  0x20019183        0x1 ./Core/Src/main.o
                0x20019183                p1_input
 .bss.p2_input  0x20019184        0x1 ./Core/Src/main.o
                0x20019184                p2_input
 .bss.prev_input1
                0x20019185        0x1 ./Core/Src/main.o
                0x20019185                prev_input1
 .bss.prev_input2
                0x20019186        0x1 ./Core/Src/main.o
                0x20019186                prev_input2
 .bss.game_select
                0x20019187        0x1 ./Core/Src/main.o
                0x20019187                game_select
 .bss.rp_game_select
                0x20019188        0x1 ./Core/Src/main.o
                0x20019188                rp_game_select
 .bss.game_toplay
                0x20019189        0x1 ./Core/Src/main.o
                0x20019189                game_toplay
 .bss.prioridad
                0x2001918a        0x1 ./Core/Src/main.o
                0x2001918a                prioridad
 .bss.contador  0x2001918b        0x1 ./Core/Src/main.o
                0x2001918b                contador
 .bss.contador1_4
                0x2001918c        0x1 ./Core/Src/main.o
                0x2001918c                contador1_4
 *fill*         0x2001918d        0x3 
 .bss.buffer_contador
                0x20019190        0xa ./Core/Src/main.o
                0x20019190                buffer_contador
 .bss.p1_BAscore
                0x2001919a        0x1 ./Core/Src/main.o
                0x2001919a                p1_BAscore
 .bss.p2_BAscore
                0x2001919b        0x1 ./Core/Src/main.o
                0x2001919b                p2_BAscore
 .bss.p1_linea  0x2001919c        0x1 ./Core/Src/main.o
                0x2001919c                p1_linea
 .bss.p2_linea  0x2001919d        0x1 ./Core/Src/main.o
                0x2001919d                p2_linea
 .bss.juancarlos
                0x2001919e        0x1 ./Core/Src/main.o
                0x2001919e                juancarlos
 *fill*         0x2001919f        0x1 
 .bss.__sbrk_heap_end
                0x200191a0        0x4 ./Core/Src/sysmem.o
 .bss.uwTick    0x200191a4        0x4 ./Drivers/STM32F4xx_HAL_Driver/Src/stm32f4xx_hal.o
                0x200191a4                uwTick
 .bss.retUSER   0x200191a8        0x1 ./FATFS/App/fatfs.o
                0x200191a8                retUSER
 *fill*         0x200191a9        0x3 
 .bss.USERPath  0x200191ac        0x4 ./FATFS/App/fatfs.o
                0x200191ac                USERPath
 .bss.FatFs     0x200191b0        0x4 ./Middlewares/Third_Party/FatFs/src/ff.o
 .bss.Fsid      0x200191b4        0x2 ./Middlewares/Third_Party/FatFs/src/ff.o
 *fill*         0x200191b6        0x2 
 .bss.Files     0x200191b8       0x20 ./Middlewares/Third_Party/FatFs/src/ff.o
 .bss.disk      0x200191d8        0xc ./Middlewares/Third_Party/FatFs/src/ff_gen_drv.o
                0x200191d8                disk
 .bss.__sf      0x200191e4      0x138 C:/ST/STM32CubeIDE_2.1.0/STM32CubeIDE/plugins/com.st.stm32cube.ide.mcu.externaltools.gnu-tools-for-stm32.14.3.rel1.win32_1.0.100.202602081740/tools/bin/../lib/gcc/arm-none-eabi/14.3.1/../../../../arm-none-eabi/lib/thumb/v7e-m+fp/hard\libc_nano.a(libc_a-findfp.o)
                0x200191e4                __sf
 .bss.errno     0x2001931c        0x4 C:/ST/STM32CubeIDE_2.1.0/STM32CubeIDE/plugins/com.st.stm32cube.ide.mcu.externaltools.gnu-tools-for-stm32.14.3.rel1.win32_1.0.100.202602081740/tools/bin/../lib/gcc/arm-none-eabi/14.3.1/../../../../arm-none-eabi/lib/thumb/v7e-m+fp/hard\libc_nano.a(libc_a-reent.o)
                0x2001931c                errno
 .bss.__lock___malloc_recursive_mutex
                0x20019320        0x1 C:/ST/STM32CubeIDE_2.1.0/STM32CubeIDE/plugins/com.st.stm32cube.ide.mcu.externaltools.gnu-tools-for-stm32.14.3.rel1.win32_1.0.100.202602081740/tools/bin/../lib/gcc/arm-none-eabi/14.3.1/../../../../arm-none-eabi/lib/thumb/v7e-m+fp/hard\libc_nano.a(libc_a-lock.o)
                0x20019320                __lock___malloc_recursive_mutex
 *fill*         0x20019321        0x3 
 .bss.__malloc_sbrk_start
                0x20019324        0x4 C:/ST/STM32CubeIDE_2.1.0/STM32CubeIDE/plugins/com.st.stm32cube.ide.mcu.externaltools.gnu-tools-for-stm32.14.3.rel1.win32_1.0.100.202602081740/tools/bin/../lib/gcc/arm-none-eabi/14.3.1/../../../../arm-none-eabi/lib/thumb/v7e-m+fp/hard\libc_nano.a(libc_a-mallocr.o)
                0x20019324                __malloc_sbrk_start
 .bss.__malloc_free_list
                0x20019328        0x4 C:/ST/STM32CubeIDE_2.1.0/STM32CubeIDE/plugins/com.st.stm32cube.ide.mcu.externaltools.gnu-tools-for-stm32.14.3.rel1.win32_1.0.100.202602081740/tools/bin/../lib/gcc/arm-none-eabi/14.3.1/../../../../arm-none-eabi/lib/thumb/v7e-m+fp/hard\libc_nano.a(libc_a-mallocr.o)
                0x20019328                __malloc_free_list
 *(COMMON)
                0x2001932c                        . = ALIGN (0x4)
                0x2001932c                        _ebss = .
                0x2001932c                        __bss_end__ = _ebss

._user_heap_stack
                0x2001932c      0x604 load address 0x080315f4
                0x20019330                        . = ALIGN (0x8)
 *fill*         0x2001932c        0x4 
                [!provide]                        PROVIDE (end = .)
                0x20019330                        PROVIDE (_end = .)
                0x20019530                        . = (. + _Min_Heap_Size)
 *fill*         0x20019330      0x200 
                0x20019930                        . = (. + _Min_Stack_Size)
 *fill*         0x20019530      0x400 
                0x20019930                        . = ALIGN (0x8)

/DISCARD/
 libc.a(*)
 libm.a(*)
 libgcc.a(*)

.ARM.attributes
                0x00000000       0x30
 *(.ARM.attributes)
 .ARM.attributes
                0x00000000       0x22 C:/ST/STM32CubeIDE_2.1.0/STM32CubeIDE/plugins/com.st.stm32cube.ide.mcu.externaltools.gnu-tools-for-stm32.14.3.rel1.win32_1.0.100.202602081740/tools/bin/../lib/gcc/arm-none-eabi/14.3.1/thumb/v7e-m+fp/hard/crti.o
 .ARM.attributes
                0x00000022       0x34 C:/ST/STM32CubeIDE_2.1.0/STM32CubeIDE/plugins/com.st.stm32cube.ide.mcu.externaltools.gnu-tools-for-stm32.14.3.rel1.win32_1.0.100.202602081740/tools/bin/../lib/gcc/arm-none-eabi/14.3.1/thumb/v7e-m+fp/hard/crtbegin.o
 .ARM.attributes
                0x00000056       0x34 ./Core/Src/fatfs_sd.o
 .ARM.attributes
                0x0000008a       0x34 ./Core/Src/font.o
 .ARM.attributes
                0x000000be       0x34 ./Core/Src/graficos.o
 .ARM.attributes
                0x000000f2       0x34 ./Core/Src/ili9341.o
 .ARM.attributes
                0x00000126       0x34 ./Core/Src/main.o
 .ARM.attributes
                0x0000015a       0x34 ./Core/Src/stm32f4xx_hal_msp.o
 .ARM.attributes
                0x0000018e       0x34 ./Core/Src/stm32f4xx_it.o
 .ARM.attributes
                0x000001c2       0x34 ./Core/Src/sysmem.o
 .ARM.attributes
                0x000001f6       0x34 ./Core/Src/system_stm32f4xx.o
 .ARM.attributes
                0x0000022a       0x21 ./Core/Startup/startup_stm32f446retx.o
 .ARM.attributes
                0x0000024b       0x34 ./Drivers/STM32F4xx_HAL_Driver/Src/stm32f4xx_hal.o
 .ARM.attributes
                0x0000027f       0x34 ./Drivers/STM32F4xx_HAL_Driver/Src/stm32f4xx_hal_cortex.o
 .ARM.attributes
                0x000002b3       0x34 ./Drivers/STM32F4xx_HAL_Driver/Src/stm32f4xx_hal_dma.o
 .ARM.attributes
                0x000002e7       0x34 ./Drivers/STM32F4xx_HAL_Driver/Src/stm32f4xx_hal_gpio.o
 .ARM.attributes
                0x0000031b       0x34 ./Drivers/STM32F4xx_HAL_Driver/Src/stm32f4xx_hal_rcc.o
 .ARM.attributes
                0x0000034f       0x34 ./Drivers/STM32F4xx_HAL_Driver/Src/stm32f4xx_hal_rcc_ex.o
 .ARM.attributes
                0x00000383       0x34 ./Drivers/STM32F4xx_HAL_Driver/Src/stm32f4xx_hal_spi.o
 .ARM.attributes
                0x000003b7       0x34 ./Drivers/STM32F4xx_HAL_Driver/Src/stm32f4xx_hal_tim.o
 .ARM.attributes
                0x000003eb       0x34 ./Drivers/STM32F4xx_HAL_Driver/Src/stm32f4xx_hal_tim_ex.o
 .ARM.attributes
                0x0000041f       0x34 ./Drivers/STM32F4xx_HAL_Driver/Src/stm32f4xx_hal_uart.o
 .ARM.attributes
                0x00000453       0x34 ./FATFS/App/fatfs.o
 .ARM.attributes
                0x00000487       0x34 ./FATFS/Target/user_diskio.o
 .ARM.attributes
                0x000004bb       0x34 ./Middlewares/Third_Party/FatFs/src/diskio.o
 .ARM.attributes
                0x000004ef       0x34 ./Middlewares/Third_Party/FatFs/src/ff.o
 .ARM.attributes
                0x00000523       0x34 ./Middlewares/Third_Party/FatFs/src/ff_gen_drv.o
 .ARM.attributes
                0x00000557       0x34 C:/ST/STM32CubeIDE_2.1.0/STM32CubeIDE/plugins/com.st.stm32cube.ide.mcu.externaltools.gnu-tools-for-stm32.14.3.rel1.win32_1.0.100.202602081740/tools/bin/../lib/gcc/arm-none-eabi/14.3.1/../../../../arm-none-eabi/lib/thumb/v7e-m+fp/hard\libc_nano.a(libc_a-findfp.o)
 .ARM.attributes
                0x0000058b       0x34 C:/ST/STM32CubeIDE_2.1.0/STM32CubeIDE/plugins/com.st.stm32cube.ide.mcu.externaltools.gnu-tools-for-stm32.14.3.rel1.win32_1.0.100.202602081740/tools/bin/../lib/gcc/arm-none-eabi/14.3.1/../../../../arm-none-eabi/lib/thumb/v7e-m+fp/hard\libc_nano.a(libc_a-sprintf.o)
 .ARM.attributes
                0x000005bf       0x34 C:/ST/STM32CubeIDE_2.1.0/STM32CubeIDE/plugins/com.st.stm32cube.ide.mcu.externaltools.gnu-tools-for-stm32.14.3.rel1.win32_1.0.100.202602081740/tools/bin/../lib/gcc/arm-none-eabi/14.3.1/../../../../arm-none-eabi/lib/thumb/v7e-m+fp/hard\libc_nano.a(libc_a-memset.o)
 .ARM.attributes
                0x000005f3       0x34 C:/ST/STM32CubeIDE_2.1.0/STM32CubeIDE/plugins/com.st.stm32cube.ide.mcu.externaltools.gnu-tools-for-stm32.14.3.rel1.win32_1.0.100.202602081740/tools/bin/../lib/gcc/arm-none-eabi/14.3.1/../../../../arm-none-eabi/lib/thumb/v7e-m+fp/hard\libc_nano.a(libc_a-reent.o)
 .ARM.attributes
                0x00000627       0x34 C:/ST/STM32CubeIDE_2.1.0/STM32CubeIDE/plugins/com.st.stm32cube.ide.mcu.externaltools.gnu-tools-for-stm32.14.3.rel1.win32_1.0.100.202602081740/tools/bin/../lib/gcc/arm-none-eabi/14.3.1/../../../../arm-none-eabi/lib/thumb/v7e-m+fp/hard\libc_nano.a(libc_a-impure.o)
 .ARM.attributes
                0x0000065b       0x34 C:/ST/STM32CubeIDE_2.1.0/STM32CubeIDE/plugins/com.st.stm32cube.ide.mcu.externaltools.gnu-tools-for-stm32.14.3.rel1.win32_1.0.100.202602081740/tools/bin/../lib/gcc/arm-none-eabi/14.3.1/../../../../arm-none-eabi/lib/thumb/v7e-m+fp/hard\libc_nano.a(libc_a-errno.o)
 .ARM.attributes
                0x0000068f       0x34 C:/ST/STM32CubeIDE_2.1.0/STM32CubeIDE/plugins/com.st.stm32cube.ide.mcu.externaltools.gnu-tools-for-stm32.14.3.rel1.win32_1.0.100.202602081740/tools/bin/../lib/gcc/arm-none-eabi/14.3.1/../../../../arm-none-eabi/lib/thumb/v7e-m+fp/hard\libc_nano.a(libc_a-init.o)
 .ARM.attributes
                0x000006c3       0x34 C:/ST/STM32CubeIDE_2.1.0/STM32CubeIDE/plugins/com.st.stm32cube.ide.mcu.externaltools.gnu-tools-for-stm32.14.3.rel1.win32_1.0.100.202602081740/tools/bin/../lib/gcc/arm-none-eabi/14.3.1/../../../../arm-none-eabi/lib/thumb/v7e-m+fp/hard\libc_nano.a(libc_a-lock.o)
 .ARM.attributes
                0x000006f7       0x17 C:/ST/STM32CubeIDE_2.1.0/STM32CubeIDE/plugins/com.st.stm32cube.ide.mcu.externaltools.gnu-tools-for-stm32.14.3.rel1.win32_1.0.100.202602081740/tools/bin/../lib/gcc/arm-none-eabi/14.3.1/../../../../arm-none-eabi/lib/thumb/v7e-m+fp/hard\libc_nano.a(libc_a-strlen.o)
 .ARM.attributes
                0x0000070e       0x34 C:/ST/STM32CubeIDE_2.1.0/STM32CubeIDE/plugins/com.st.stm32cube.ide.mcu.externaltools.gnu-tools-for-stm32.14.3.rel1.win32_1.0.100.202602081740/tools/bin/../lib/gcc/arm-none-eabi/14.3.1/../../../../arm-none-eabi/lib/thumb/v7e-m+fp/hard\libc_nano.a(libc_a-freer.o)
 .ARM.attributes
                0x00000742       0x34 C:/ST/STM32CubeIDE_2.1.0/STM32CubeIDE/plugins/com.st.stm32cube.ide.mcu.externaltools.gnu-tools-for-stm32.14.3.rel1.win32_1.0.100.202602081740/tools/bin/../lib/gcc/arm-none-eabi/14.3.1/../../../../arm-none-eabi/lib/thumb/v7e-m+fp/hard\libc_nano.a(libc_a-mallocr.o)
 .ARM.attributes
                0x00000776       0x34 C:/ST/STM32CubeIDE_2.1.0/STM32CubeIDE/plugins/com.st.stm32cube.ide.mcu.externaltools.gnu-tools-for-stm32.14.3.rel1.win32_1.0.100.202602081740/tools/bin/../lib/gcc/arm-none-eabi/14.3.1/../../../../arm-none-eabi/lib/thumb/v7e-m+fp/hard\libc_nano.a(libc_a-mlock.o)
 .ARM.attributes
                0x000007aa       0x34 C:/ST/STM32CubeIDE_2.1.0/STM32CubeIDE/plugins/com.st.stm32cube.ide.mcu.externaltools.gnu-tools-for-stm32.14.3.rel1.win32_1.0.100.202602081740/tools/bin/../lib/gcc/arm-none-eabi/14.3.1/../../../../arm-none-eabi/lib/thumb/v7e-m+fp/hard\libc_nano.a(libc_a-nano-svfprintf.o)
 .ARM.attributes
                0x000007de       0x34 C:/ST/STM32CubeIDE_2.1.0/STM32CubeIDE/plugins/com.st.stm32cube.ide.mcu.externaltools.gnu-tools-for-stm32.14.3.rel1.win32_1.0.100.202602081740/tools/bin/../lib/gcc/arm-none-eabi/14.3.1/../../../../arm-none-eabi/lib/thumb/v7e-m+fp/hard\libc_nano.a(libc_a-nano-vfprintf_i.o)
 .ARM.attributes
                0x00000812       0x34 C:/ST/STM32CubeIDE_2.1.0/STM32CubeIDE/plugins/com.st.stm32cube.ide.mcu.externaltools.gnu-tools-for-stm32.14.3.rel1.win32_1.0.100.202602081740/tools/bin/../lib/gcc/arm-none-eabi/14.3.1/../../../../arm-none-eabi/lib/thumb/v7e-m+fp/hard\libc_nano.a(libc_a-memmove.o)
 .ARM.attributes
                0x00000846       0x34 C:/ST/STM32CubeIDE_2.1.0/STM32CubeIDE/plugins/com.st.stm32cube.ide.mcu.externaltools.gnu-tools-for-stm32.14.3.rel1.win32_1.0.100.202602081740/tools/bin/../lib/gcc/arm-none-eabi/14.3.1/../../../../arm-none-eabi/lib/thumb/v7e-m+fp/hard\libc_nano.a(libc_a-sbrkr.o)
 .ARM.attributes
                0x0000087a       0x1c C:/ST/STM32CubeIDE_2.1.0/STM32CubeIDE/plugins/com.st.stm32cube.ide.mcu.externaltools.gnu-tools-for-stm32.14.3.rel1.win32_1.0.100.202602081740/tools/bin/../lib/gcc/arm-none-eabi/14.3.1/../../../../arm-none-eabi/lib/thumb/v7e-m+fp/hard\libc_nano.a(libc_a-memchr.o)
 .ARM.attributes
                0x00000896       0x34 C:/ST/STM32CubeIDE_2.1.0/STM32CubeIDE/plugins/com.st.stm32cube.ide.mcu.externaltools.gnu-tools-for-stm32.14.3.rel1.win32_1.0.100.202602081740/tools/bin/../lib/gcc/arm-none-eabi/14.3.1/../../../../arm-none-eabi/lib/thumb/v7e-m+fp/hard\libc_nano.a(libc_a-memcpy-stub.o)
 .ARM.attributes
                0x000008ca       0x34 C:/ST/STM32CubeIDE_2.1.0/STM32CubeIDE/plugins/com.st.stm32cube.ide.mcu.externaltools.gnu-tools-for-stm32.14.3.rel1.win32_1.0.100.202602081740/tools/bin/../lib/gcc/arm-none-eabi/14.3.1/../../../../arm-none-eabi/lib/thumb/v7e-m+fp/hard\libc_nano.a(libc_a-reallocr.o)
 .ARM.attributes
                0x000008fe       0x34 C:/ST/STM32CubeIDE_2.1.0/STM32CubeIDE/plugins/com.st.stm32cube.ide.mcu.externaltools.gnu-tools-for-stm32.14.3.rel1.win32_1.0.100.202602081740/tools/bin/../lib/gcc/arm-none-eabi/14.3.1/../../../../arm-none-eabi/lib/thumb/v7e-m+fp/hard\libc_nano.a(libc_a-msizer.o)
 .ARM.attributes
                0x00000932       0x22 C:/ST/STM32CubeIDE_2.1.0/STM32CubeIDE/plugins/com.st.stm32cube.ide.mcu.externaltools.gnu-tools-for-stm32.14.3.rel1.win32_1.0.100.202602081740/tools/bin/../lib/gcc/arm-none-eabi/14.3.1/thumb/v7e-m+fp/hard\libgcc.a(_arm_addsubdf3.o)
 .ARM.attributes
                0x00000954       0x22 C:/ST/STM32CubeIDE_2.1.0/STM32CubeIDE/plugins/com.st.stm32cube.ide.mcu.externaltools.gnu-tools-for-stm32.14.3.rel1.win32_1.0.100.202602081740/tools/bin/../lib/gcc/arm-none-eabi/14.3.1/thumb/v7e-m+fp/hard\libgcc.a(_arm_fixunsdfsi.o)
 .ARM.attributes
                0x00000976       0x22 C:/ST/STM32CubeIDE_2.1.0/STM32CubeIDE/plugins/com.st.stm32cube.ide.mcu.externaltools.gnu-tools-for-stm32.14.3.rel1.win32_1.0.100.202602081740/tools/bin/../lib/gcc/arm-none-eabi/14.3.1/thumb/v7e-m+fp/hard\libgcc.a(_aeabi_uldivmod.o)
 .ARM.attributes
                0x00000998       0x34 C:/ST/STM32CubeIDE_2.1.0/STM32CubeIDE/plugins/com.st.stm32cube.ide.mcu.externaltools.gnu-tools-for-stm32.14.3.rel1.win32_1.0.100.202602081740/tools/bin/../lib/gcc/arm-none-eabi/14.3.1/thumb/v7e-m+fp/hard\libgcc.a(_udivmoddi4.o)
 .ARM.attributes
                0x000009cc       0x22 C:/ST/STM32CubeIDE_2.1.0/STM32CubeIDE/plugins/com.st.stm32cube.ide.mcu.externaltools.gnu-tools-for-stm32.14.3.rel1.win32_1.0.100.202602081740/tools/bin/../lib/gcc/arm-none-eabi/14.3.1/thumb/v7e-m+fp/hard\libgcc.a(_dvmd_tls.o)
 .ARM.attributes
                0x000009ee       0x22 C:/ST/STM32CubeIDE_2.1.0/STM32CubeIDE/plugins/com.st.stm32cube.ide.mcu.externaltools.gnu-tools-for-stm32.14.3.rel1.win32_1.0.100.202602081740/tools/bin/../lib/gcc/arm-none-eabi/14.3.1/thumb/v7e-m+fp/hard/crtn.o
OUTPUT(Proyecto2_mx.elf elf32-littlearm)
LOAD linker stubs
LOAD C:/ST/STM32CubeIDE_2.1.0/STM32CubeIDE/plugins/com.st.stm32cube.ide.mcu.externaltools.gnu-tools-for-stm32.14.3.rel1.win32_1.0.100.202602081740/tools/bin/../lib/gcc/arm-none-eabi/14.3.1/../../../../arm-none-eabi/lib/thumb/v7e-m+fp/hard\libc.a
LOAD C:/ST/STM32CubeIDE_2.1.0/STM32CubeIDE/plugins/com.st.stm32cube.ide.mcu.externaltools.gnu-tools-for-stm32.14.3.rel1.win32_1.0.100.202602081740/tools/bin/../lib/gcc/arm-none-eabi/14.3.1/../../../../arm-none-eabi/lib/thumb/v7e-m+fp/hard\libm.a
LOAD C:/ST/STM32CubeIDE_2.1.0/STM32CubeIDE/plugins/com.st.stm32cube.ide.mcu.externaltools.gnu-tools-for-stm32.14.3.rel1.win32_1.0.100.202602081740/tools/bin/../lib/gcc/arm-none-eabi/14.3.1/thumb/v7e-m+fp/hard\libgcc.a

.debug_info     0x00000000    0x15271
 .debug_info    0x00000000      0xc65 ./Core/Src/fatfs_sd.o
 .debug_info    0x00000c65       0xf1 ./Core/Src/font.o
 .debug_info    0x00000d56       0xb7 ./Core/Src/graficos.o
 .debug_info    0x00000e0d     0x1254 ./Core/Src/ili9341.o
 .debug_info    0x00002061     0x204d ./Core/Src/main.o
 .debug_info    0x000040ae     0x12e2 ./Core/Src/stm32f4xx_hal_msp.o
 .debug_info    0x00005390      0x9c5 ./Core/Src/stm32f4xx_it.o
 .debug_info    0x00005d55      0x168 ./Core/Src/sysmem.o
 .debug_info    0x00005ebd      0x54a ./Core/Src/system_stm32f4xx.o
 .debug_info    0x00006407       0x30 ./Core/Startup/startup_stm32f446retx.o
 .debug_info    0x00006437      0x99a ./Drivers/STM32F4xx_HAL_Driver/Src/stm32f4xx_hal.o
 .debug_info    0x00006dd1      0xdaa ./Drivers/STM32F4xx_HAL_Driver/Src/stm32f4xx_hal_cortex.o
 .debug_info    0x00007b7b      0x8e7 ./Drivers/STM32F4xx_HAL_Driver/Src/stm32f4xx_hal_dma.o
 .debug_info    0x00008462      0x70b ./Drivers/STM32F4xx_HAL_Driver/Src/stm32f4xx_hal_gpio.o
 .debug_info    0x00008b6d      0x8ff ./Drivers/STM32F4xx_HAL_Driver/Src/stm32f4xx_hal_rcc.o
 .debug_info    0x0000946c      0x960 ./Drivers/STM32F4xx_HAL_Driver/Src/stm32f4xx_hal_rcc_ex.o
 .debug_info    0x00009dcc     0x1525 ./Drivers/STM32F4xx_HAL_Driver/Src/stm32f4xx_hal_spi.o
 .debug_info    0x0000b2f1     0x299d ./Drivers/STM32F4xx_HAL_Driver/Src/stm32f4xx_hal_tim.o
 .debug_info    0x0000dc8e     0x14db ./Drivers/STM32F4xx_HAL_Driver/Src/stm32f4xx_hal_tim_ex.o
 .debug_info    0x0000f169     0x2f4f ./Drivers/STM32F4xx_HAL_Driver/Src/stm32f4xx_hal_uart.o
 .debug_info    0x000120b8      0x4d9 ./FATFS/App/fatfs.o
 .debug_info    0x00012591      0x3a5 ./FATFS/Target/user_diskio.o
 .debug_info    0x00012936      0x3df ./Middlewares/Third_Party/FatFs/src/diskio.o
 .debug_info    0x00012d15     0x21dd ./Middlewares/Third_Party/FatFs/src/ff.o
 .debug_info    0x00014ef2      0x37f ./Middlewares/Third_Party/FatFs/src/ff_gen_drv.o

.debug_abbrev   0x00000000     0x30cc
 .debug_abbrev  0x00000000      0x2fa ./Core/Src/fatfs_sd.o
 .debug_abbrev  0x000002fa       0x64 ./Core/Src/font.o
 .debug_abbrev  0x0000035e       0x63 ./Core/Src/graficos.o
 .debug_abbrev  0x000003c1      0x2ab ./Core/Src/ili9341.o
 .debug_abbrev  0x0000066c      0x39f ./Core/Src/main.o
 .debug_abbrev  0x00000a0b      0x21e ./Core/Src/stm32f4xx_hal_msp.o
 .debug_abbrev  0x00000c29      0x1af ./Core/Src/stm32f4xx_it.o
 .debug_abbrev  0x00000dd8       0xbc ./Core/Src/sysmem.o
 .debug_abbrev  0x00000e94      0x11a ./Core/Src/system_stm32f4xx.o
 .debug_abbrev  0x00000fae       0x24 ./Core/Startup/startup_stm32f446retx.o
 .debug_abbrev  0x00000fd2      0x214 ./Drivers/STM32F4xx_HAL_Driver/Src/stm32f4xx_hal.o
 .debug_abbrev  0x000011e6      0x31d ./Drivers/STM32F4xx_HAL_Driver/Src/stm32f4xx_hal_cortex.o
 .debug_abbrev  0x00001503      0x264 ./Drivers/STM32F4xx_HAL_Driver/Src/stm32f4xx_hal_dma.o
 .debug_abbrev  0x00001767      0x1d4 ./Drivers/STM32F4xx_HAL_Driver/Src/stm32f4xx_hal_gpio.o
 .debug_abbrev  0x0000193b      0x2b7 ./Drivers/STM32F4xx_HAL_Driver/Src/stm32f4xx_hal_rcc.o
 .debug_abbrev  0x00001bf2      0x211 ./Drivers/STM32F4xx_HAL_Driver/Src/stm32f4xx_hal_rcc_ex.o
 .debug_abbrev  0x00001e03      0x27a ./Drivers/STM32F4xx_HAL_Driver/Src/stm32f4xx_hal_spi.o
 .debug_abbrev  0x0000207d      0x278 ./Drivers/STM32F4xx_HAL_Driver/Src/stm32f4xx_hal_tim.o
 .debug_abbrev  0x000022f5      0x283 ./Drivers/STM32F4xx_HAL_Driver/Src/stm32f4xx_hal_tim_ex.o
 .debug_abbrev  0x00002578      0x30e ./Drivers/STM32F4xx_HAL_Driver/Src/stm32f4xx_hal_uart.o
 .debug_abbrev  0x00002886      0x160 ./FATFS/App/fatfs.o
 .debug_abbrev  0x000029e6      0x144 ./FATFS/Target/user_diskio.o
 .debug_abbrev  0x00002b2a      0x181 ./Middlewares/Third_Party/FatFs/src/diskio.o
 .debug_abbrev  0x00002cab      0x282 ./Middlewares/Third_Party/FatFs/src/ff.o
 .debug_abbrev  0x00002f2d      0x19f ./Middlewares/Third_Party/FatFs/src/ff_gen_drv.o

.debug_aranges  0x00000000     0x1348
 .debug_aranges
                0x00000000       0xa8 ./Core/Src/fatfs_sd.o
 .debug_aranges
                0x000000a8       0x18 ./Core/Src/font.o
 .debug_aranges
                0x000000c0       0x18 ./Core/Src/graficos.o
 .debug_aranges
                0x000000d8       0x98 ./Core/Src/ili9341.o
 .debug_aranges
                0x00000170       0x90 ./Core/Src/main.o
 .debug_aranges
                0x00000200       0x50 ./Core/Src/stm32f4xx_hal_msp.o
 .debug_aranges
                0x00000250       0x78 ./Core/Src/stm32f4xx_it.o
 .debug_aranges
                0x000002c8       0x20 ./Core/Src/sysmem.o
 .debug_aranges
                0x000002e8       0x28 ./Core/Src/system_stm32f4xx.o
 .debug_aranges
                0x00000310       0x28 ./Core/Startup/startup_stm32f446retx.o
 .debug_aranges
                0x00000338       0xf0 ./Drivers/STM32F4xx_HAL_Driver/Src/stm32f4xx_hal.o
 .debug_aranges
                0x00000428      0x130 ./Drivers/STM32F4xx_HAL_Driver/Src/stm32f4xx_hal_cortex.o
 .debug_aranges
                0x00000558       0x90 ./Drivers/STM32F4xx_HAL_Driver/Src/stm32f4xx_hal_dma.o
 .debug_aranges
                0x000005e8       0x58 ./Drivers/STM32F4xx_HAL_Driver/Src/stm32f4xx_hal_gpio.o
 .debug_aranges
                0x00000640       0x88 ./Drivers/STM32F4xx_HAL_Driver/Src/stm32f4xx_hal_rcc.o
 .debug_aranges
                0x000006c8       0x78 ./Drivers/STM32F4xx_HAL_Driver/Src/stm32f4xx_hal_rcc_ex.o
 .debug_aranges
                0x00000740      0x1d0 ./Drivers/STM32F4xx_HAL_Driver/Src/stm32f4xx_hal_spi.o
 .debug_aranges
                0x00000910      0x3d0 ./Drivers/STM32F4xx_HAL_Driver/Src/stm32f4xx_hal_tim.o
 .debug_aranges
                0x00000ce0      0x168 ./Drivers/STM32F4xx_HAL_Driver/Src/stm32f4xx_hal_tim_ex.o
 .debug_aranges
                0x00000e48      0x208 ./Drivers/STM32F4xx_HAL_Driver/Src/stm32f4xx_hal_uart.o
 .debug_aranges
                0x00001050       0x28 ./FATFS/App/fatfs.o
 .debug_aranges
                0x00001078       0x40 ./FATFS/Target/user_diskio.o
 .debug_aranges
                0x000010b8       0x48 ./Middlewares/Third_Party/FatFs/src/diskio.o
 .debug_aranges
                0x00001100      0x208 ./Middlewares/Third_Party/FatFs/src/ff.o
 .debug_aranges
                0x00001308       0x40 ./Middlewares/Third_Party/FatFs/src/ff_gen_drv.o

.debug_rnglists
                0x00000000      0xef7
 .debug_rnglists
                0x00000000       0x80 ./Core/Src/fatfs_sd.o
 .debug_rnglists
                0x00000080       0x76 ./Core/Src/ili9341.o
 .debug_rnglists
                0x000000f6       0x7d ./Core/Src/main.o
 .debug_rnglists
                0x00000173       0x3a ./Core/Src/stm32f4xx_hal_msp.o
 .debug_rnglists
                0x000001ad       0x55 ./Core/Src/stm32f4xx_it.o
 .debug_rnglists
                0x00000202       0x13 ./Core/Src/sysmem.o
 .debug_rnglists
                0x00000215       0x1a ./Core/Src/system_stm32f4xx.o
 .debug_rnglists
                0x0000022f       0x19 ./Core/Startup/startup_stm32f446retx.o
 .debug_rnglists
                0x00000248       0xaf ./Drivers/STM32F4xx_HAL_Driver/Src/stm32f4xx_hal.o
 .debug_rnglists
                0x000002f7       0xe0 ./Drivers/STM32F4xx_HAL_Driver/Src/stm32f4xx_hal_cortex.o
 .debug_rnglists
                0x000003d7       0x70 ./Drivers/STM32F4xx_HAL_Driver/Src/stm32f4xx_hal_dma.o
 .debug_rnglists
                0x00000447       0x3f ./Drivers/STM32F4xx_HAL_Driver/Src/stm32f4xx_hal_gpio.o
 .debug_rnglists
                0x00000486       0x66 ./Drivers/STM32F4xx_HAL_Driver/Src/stm32f4xx_hal_rcc.o
 .debug_rnglists
                0x000004ec       0x5e ./Drivers/STM32F4xx_HAL_Driver/Src/stm32f4xx_hal_rcc_ex.o
 .debug_rnglists
                0x0000054a      0x16f ./Drivers/STM32F4xx_HAL_Driver/Src/stm32f4xx_hal_spi.o
 .debug_rnglists
                0x000006b9      0x31a ./Drivers/STM32F4xx_HAL_Driver/Src/stm32f4xx_hal_tim.o
 .debug_rnglists
                0x000009d3      0x125 ./Drivers/STM32F4xx_HAL_Driver/Src/stm32f4xx_hal_tim_ex.o
 .debug_rnglists
                0x00000af8      0x1bc ./Drivers/STM32F4xx_HAL_Driver/Src/stm32f4xx_hal_uart.o
 .debug_rnglists
                0x00000cb4       0x19 ./FATFS/App/fatfs.o
 .debug_rnglists
                0x00000ccd       0x2b ./FATFS/Target/user_diskio.o
 .debug_rnglists
                0x00000cf8       0x31 ./Middlewares/Third_Party/FatFs/src/diskio.o
 .debug_rnglists
                0x00000d29      0x1a2 ./Middlewares/Third_Party/FatFs/src/ff.o
 .debug_rnglists
                0x00000ecb       0x2c ./Middlewares/Third_Party/FatFs/src/ff_gen_drv.o

.debug_macro    0x00000000    0x2561e
 .debug_macro   0x00000000      0x30a ./Core/Src/fatfs_sd.o
 .debug_macro   0x0000030a      0xad8 ./Core/Src/fatfs_sd.o
 .debug_macro   0x00000de2      0x2a1 ./Core/Src/fatfs_sd.o
 .debug_macro   0x00001083       0x2e ./Core/Src/fatfs_sd.o
 .debug_macro   0x000010b1       0x28 ./Core/Src/fatfs_sd.o
 .debug_macro   0x000010d9       0x22 ./Core/Src/fatfs_sd.o
 .debug_macro   0x000010fb       0x8e ./Core/Src/fatfs_sd.o
 .debug_macro   0x00001189       0x51 ./Core/Src/fatfs_sd.o
 .debug_macro   0x000011da      0x103 ./Core/Src/fatfs_sd.o
 .debug_macro   0x000012dd       0x6a ./Core/Src/fatfs_sd.o
 .debug_macro   0x00001347      0x1df ./Core/Src/fatfs_sd.o
 .debug_macro   0x00001526       0x1c ./Core/Src/fatfs_sd.o
 .debug_macro   0x00001542       0x22 ./Core/Src/fatfs_sd.o
 .debug_macro   0x00001564       0xfb ./Core/Src/fatfs_sd.o
 .debug_macro   0x0000165f     0x1011 ./Core/Src/fatfs_sd.o
 .debug_macro   0x00002670      0x11f ./Core/Src/fatfs_sd.o
 .debug_macro   0x0000278f    0x1675e ./Core/Src/fatfs_sd.o
 .debug_macro   0x00018eed       0x6d ./Core/Src/fatfs_sd.o
 .debug_macro   0x00018f5a     0x3693 ./Core/Src/fatfs_sd.o
 .debug_macro   0x0001c5ed      0x190 ./Core/Src/fatfs_sd.o
 .debug_macro   0x0001c77d       0x5c ./Core/Src/fatfs_sd.o
 .debug_macro   0x0001c7d9      0xca5 ./Core/Src/fatfs_sd.o
 .debug_macro   0x0001d47e      0x9e9 ./Core/Src/fatfs_sd.o
 .debug_macro   0x0001de67      0x115 ./Core/Src/fatfs_sd.o
 .debug_macro   0x0001df7c      0x1a0 ./Core/Src/fatfs_sd.o
 .debug_macro   0x0001e11c       0xa5 ./Core/Src/fatfs_sd.o
 .debug_macro   0x0001e1c1      0x16d ./Core/Src/fatfs_sd.o
 .debug_macro   0x0001e32e      0x287 ./Core/Src/fatfs_sd.o
 .debug_macro   0x0001e5b5       0x5f ./Core/Src/fatfs_sd.o
 .debug_macro   0x0001e614      0x236 ./Core/Src/fatfs_sd.o
 .debug_macro   0x0001e84a      0x132 ./Core/Src/fatfs_sd.o
 .debug_macro   0x0001e97c      0x29c ./Core/Src/fatfs_sd.o
 .debug_macro   0x0001ec18       0x2e ./Core/Src/fatfs_sd.o
 .debug_macro   0x0001ec46      0x127 ./Core/Src/fatfs_sd.o
 .debug_macro   0x0001ed6d       0xe8 ./Core/Src/fatfs_sd.o
 .debug_macro   0x0001ee55       0x89 ./Core/Src/fatfs_sd.o
 .debug_macro   0x0001eede      0x225 ./Core/Src/fatfs_sd.o
 .debug_macro   0x0001f103      0x8ed ./Core/Src/fatfs_sd.o
 .debug_macro   0x0001f9f0       0x53 ./Core/Src/fatfs_sd.o
 .debug_macro   0x0001fa43      0x2aa ./Core/Src/fatfs_sd.o
 .debug_macro   0x0001fced      0x126 ./Core/Src/fatfs_sd.o
 .debug_macro   0x0001fe13       0x16 ./Core/Src/fatfs_sd.o
 .debug_macro   0x0001fe29       0x7c ./Core/Src/fatfs_sd.o
 .debug_macro   0x0001fea5       0x76 ./Core/Src/fatfs_sd.o
 .debug_macro   0x0001ff1b       0xe5 ./Core/Src/fatfs_sd.o
 .debug_macro   0x00020000       0x2a ./Core/Src/fatfs_sd.o
 .debug_macro   0x0002002a       0x61 ./Core/Src/fatfs_sd.o
 .debug_macro   0x0002008b       0x43 ./Core/Src/fatfs_sd.o
 .debug_macro   0x000200ce       0x34 ./Core/Src/fatfs_sd.o
 .debug_macro   0x00020102       0x16 ./Core/Src/fatfs_sd.o
 .debug_macro   0x00020118       0x3c ./Core/Src/fatfs_sd.o
 .debug_macro   0x00020154      0x364 ./Core/Src/fatfs_sd.o
 .debug_macro   0x000204b8       0x16 ./Core/Src/fatfs_sd.o
 .debug_macro   0x000204ce       0x4a ./Core/Src/fatfs_sd.o
 .debug_macro   0x00020518       0x34 ./Core/Src/fatfs_sd.o
 .debug_macro   0x0002054c       0x10 ./Core/Src/fatfs_sd.o
 .debug_macro   0x0002055c       0x58 ./Core/Src/fatfs_sd.o
 .debug_macro   0x000205b4       0x8e ./Core/Src/fatfs_sd.o
 .debug_macro   0x00020642       0x1c ./Core/Src/fatfs_sd.o
 .debug_macro   0x0002065e      0x17e ./Core/Src/fatfs_sd.o
 .debug_macro   0x000207dc       0x16 ./Core/Src/fatfs_sd.o
 .debug_macro   0x000207f2       0x29 ./Core/Src/fatfs_sd.o
 .debug_macro   0x0002081b       0x12 ./Core/Src/fatfs_sd.o
 .debug_macro   0x0002082d       0xe2 ./Core/Src/fatfs_sd.o
 .debug_macro   0x0002090f       0x94 ./Core/Src/fatfs_sd.o
 .debug_macro   0x000209a3       0x72 ./Core/Src/font.o
 .debug_macro   0x00020a15       0x34 ./Core/Src/font.o
 .debug_macro   0x00020a49       0xbe ./Core/Src/graficos.o
 .debug_macro   0x00020b07       0x5b ./Core/Src/graficos.o
 .debug_macro   0x00020b62       0x94 ./Core/Src/graficos.o
 .debug_macro   0x00020bf6       0x3a ./Core/Src/graficos.o
 .debug_macro   0x00020c30       0x57 ./Core/Src/graficos.o
 .debug_macro   0x00020c87       0x89 ./Core/Src/graficos.o
 .debug_macro   0x00020d10      0x460 ./Core/Src/graficos.o
 .debug_macro   0x00021170      0x1a7 ./Core/Src/graficos.o
 .debug_macro   0x00021317      0x36e ./Core/Src/ili9341.o
 .debug_macro   0x00021685      0x11c ./Core/Src/ili9341.o
 .debug_macro   0x000217a1       0x9b ./Core/Src/ili9341.o
 .debug_macro   0x0002183c       0x16 ./Core/Src/ili9341.o
 .debug_macro   0x00021852       0x20 ./Core/Src/ili9341.o
 .debug_macro   0x00021872       0x56 ./Core/Src/ili9341.o
 .debug_macro   0x000218c8      0x1d9 ./Core/Src/ili9341.o
 .debug_macro   0x00021aa1      0x1db ./Core/Src/ili9341.o
 .debug_macro   0x00021c7c      0x149 ./Core/Src/ili9341.o
 .debug_macro   0x00021dc5       0x10 ./Core/Src/ili9341.o
 .debug_macro   0x00021dd5      0x118 ./Core/Src/ili9341.o
 .debug_macro   0x00021eed       0x3a ./Core/Src/ili9341.o
 .debug_macro   0x00021f27      0x3cb ./Core/Src/main.o
 .debug_macro   0x000222f2       0x70 ./Core/Src/main.o
 .debug_macro   0x00022362       0xeb ./Core/Src/main.o
 .debug_macro   0x0002244d       0x8e ./Core/Src/main.o
 .debug_macro   0x000224db       0x1c ./Core/Src/main.o
 .debug_macro   0x000224f7       0x10 ./Core/Src/main.o
 .debug_macro   0x00022507       0x1c ./Core/Src/main.o
 .debug_macro   0x00022523       0x16 ./Core/Src/main.o
 .debug_macro   0x00022539      0x146 ./Core/Src/main.o
 .debug_macro   0x0002267f      0x1e7 ./Core/Src/stm32f4xx_hal_msp.o
 .debug_macro   0x00022866      0x1f1 ./Core/Src/stm32f4xx_it.o
 .debug_macro   0x00022a57      0x112 ./Core/Src/sysmem.o
 .debug_macro   0x00022b69      0x23c ./Core/Src/sysmem.o
 .debug_macro   0x00022da5      0x1d8 ./Core/Src/system_stm32f4xx.o
 .debug_macro   0x00022f7d      0x238 ./Drivers/STM32F4xx_HAL_Driver/Src/stm32f4xx_hal.o
 .debug_macro   0x000231b5      0x1d8 ./Drivers/STM32F4xx_HAL_Driver/Src/stm32f4xx_hal_cortex.o
 .debug_macro   0x0002338d      0x1de ./Drivers/STM32F4xx_HAL_Driver/Src/stm32f4xx_hal_dma.o
 .debug_macro   0x0002356b      0x1de ./Drivers/STM32F4xx_HAL_Driver/Src/stm32f4xx_hal_gpio.o
 .debug_macro   0x00023749      0x1fc ./Drivers/STM32F4xx_HAL_Driver/Src/stm32f4xx_hal_rcc.o
 .debug_macro   0x00023945      0x1d8 ./Drivers/STM32F4xx_HAL_Driver/Src/stm32f4xx_hal_rcc_ex.o
 .debug_macro   0x00023b1d      0x1e7 ./Drivers/STM32F4xx_HAL_Driver/Src/stm32f4xx_hal_spi.o
 .debug_macro   0x00023d04      0x1d9 ./Drivers/STM32F4xx_HAL_Driver/Src/stm32f4xx_hal_tim.o
 .debug_macro   0x00023edd      0x1d8 ./Drivers/STM32F4xx_HAL_Driver/Src/stm32f4xx_hal_tim_ex.o
 .debug_macro   0x000240b5      0x1d9 ./Drivers/STM32F4xx_HAL_Driver/Src/stm32f4xx_hal_uart.o
 .debug_macro   0x0002428e      0x30c ./FATFS/App/fatfs.o
 .debug_macro   0x0002459a      0x33a ./FATFS/Target/user_diskio.o
 .debug_macro   0x000248d4      0x2f9 ./Middlewares/Third_Party/FatFs/src/diskio.o
 .debug_macro   0x00024bcd      0x700 ./Middlewares/Third_Party/FatFs/src/ff.o
 .debug_macro   0x000252cd       0x58 ./Middlewares/Third_Party/FatFs/src/ff.o
 .debug_macro   0x00025325      0x2f9 ./Middlewares/Third_Party/FatFs/src/ff_gen_drv.o

.debug_line     0x00000000    0x1a4e6
 .debug_line    0x00000000     0x103e ./Core/Src/fatfs_sd.o
 .debug_line    0x0000103e      0x40c ./Core/Src/font.o
 .debug_line    0x0000144a      0x527 ./Core/Src/graficos.o
 .debug_line    0x00001971     0x1073 ./Core/Src/ili9341.o
 .debug_line    0x000029e4     0x1497 ./Core/Src/main.o
 .debug_line    0x00003e7b      0x88f ./Core/Src/stm32f4xx_hal_msp.o
 .debug_line    0x0000470a      0x86b ./Core/Src/stm32f4xx_it.o
 .debug_line    0x00004f75      0x58d ./Core/Src/sysmem.o
 .debug_line    0x00005502      0x7d7 ./Core/Src/system_stm32f4xx.o
 .debug_line    0x00005cd9       0x7a ./Core/Startup/startup_stm32f446retx.o
 .debug_line    0x00005d53      0xa56 ./Drivers/STM32F4xx_HAL_Driver/Src/stm32f4xx_hal.o
 .debug_line    0x000067a9      0xd23 ./Drivers/STM32F4xx_HAL_Driver/Src/stm32f4xx_hal_cortex.o
 .debug_line    0x000074cc      0xfbf ./Drivers/STM32F4xx_HAL_Driver/Src/stm32f4xx_hal_dma.o
 .debug_line    0x0000848b      0xb94 ./Drivers/STM32F4xx_HAL_Driver/Src/stm32f4xx_hal_gpio.o
 .debug_line    0x0000901f      0xe6e ./Drivers/STM32F4xx_HAL_Driver/Src/stm32f4xx_hal_rcc.o
 .debug_line    0x00009e8d     0x151f ./Drivers/STM32F4xx_HAL_Driver/Src/stm32f4xx_hal_rcc_ex.o
 .debug_line    0x0000b3ac     0x1cee ./Drivers/STM32F4xx_HAL_Driver/Src/stm32f4xx_hal_spi.o
 .debug_line    0x0000d09a     0x37ce ./Drivers/STM32F4xx_HAL_Driver/Src/stm32f4xx_hal_tim.o